androidx/
androidx/annotation/
androidx/annotation/AnimatorRes.class
androidx/annotation/AnimRes.class
androidx/annotation/AnyRes.class
androidx/annotation/AnyThread.class
androidx/annotation/ArrayRes.class
androidx/annotation/AttrRes.class
androidx/annotation/BinderThread.class
androidx/annotation/BoolRes.class
androidx/annotation/CallSuper.class
androidx/annotation/CheckResult.class
androidx/annotation/ColorInt.class
androidx/annotation/ColorLong.class
androidx/annotation/ColorRes.class
androidx/annotation/DimenRes.class
androidx/annotation/Dimension.class
androidx/annotation/DrawableRes.class
androidx/annotation/FloatRange.class
androidx/annotation/FontRes.class
androidx/annotation/FractionRes.class
androidx/annotation/GuardedBy.class
androidx/annotation/HalfFloat.class
androidx/annotation/IdRes.class
androidx/annotation/IntDef.class
androidx/annotation/IntegerRes.class
androidx/annotation/InterpolatorRes.class
androidx/annotation/IntRange.class
androidx/annotation/Keep.class
androidx/annotation/LayoutRes.class
androidx/annotation/LongDef.class
androidx/annotation/MainThread.class
androidx/annotation/MenuRes.class
androidx/annotation/NavigationRes.class
androidx/annotation/NonNull.class
androidx/annotation/Nullable.class
androidx/annotation/PluralsRes.class
androidx/annotation/Px.class
androidx/annotation/RawRes.class
androidx/annotation/RequiresApi.class
androidx/annotation/RequiresFeature.class
androidx/annotation/RequiresPermission.class
androidx/annotation/RequiresPermission$Read.class
androidx/annotation/RequiresPermission$Write.class
androidx/annotation/RestrictTo.class
androidx/annotation/RestrictTo$Scope.class
androidx/annotation/Size.class
androidx/annotation/StringDef.class
androidx/annotation/StringRes.class
androidx/annotation/StyleableRes.class
androidx/annotation/StyleRes.class
androidx/annotation/TransitionRes.class
androidx/annotation/UiThread.class
androidx/annotation/VisibleForTesting.class
androidx/annotation/WorkerThread.class
androidx/annotation/XmlRes.class
androidx/lifecycle/
androidx/lifecycle/ClassesInfoCache$CallbackInfo.class
androidx/lifecycle/ClassesInfoCache.class
androidx/lifecycle/ClassesInfoCache$MethodReference.class
androidx/lifecycle/CompositeGeneratedAdaptersObserver.class
androidx/lifecycle/FullLifecycleObserverAdapter$1.class
androidx/lifecycle/FullLifecycleObserverAdapter.class
androidx/lifecycle/FullLifecycleObserver.class
androidx/lifecycle/GeneratedAdapter.class
androidx/lifecycle/GenericLifecycleObserver.class
androidx/lifecycle/Lifecycle.class
androidx/lifecycle/Lifecycle$Event.class
androidx/lifecycle/LifecycleObserver.class
androidx/lifecycle/LifecycleOwner.class
androidx/lifecycle/Lifecycle$State.class
androidx/lifecycle/Lifecycling.class
androidx/lifecycle/MethodCallsLogger.class
androidx/lifecycle/OnLifecycleEvent.class
androidx/lifecycle/ReflectiveGenericLifecycleObserver.class
androidx/lifecycle/SingleGeneratedAdapterObserver.class
androidx/test/annotation/Beta.class
androidx/test/core/app/ActivityScenario$1.class
androidx/test/core/app/ActivityScenario$2.class
androidx/test/core/app/ActivityScenario$ActivityAction.class
androidx/test/core/app/ActivityScenario$ActivityState.class
androidx/test/core/app/ActivityScenario.class
androidx/test/core/app/ActivityScenario$$Lambda$0.class
androidx/test/core/app/ActivityScenario$$Lambda$1.class
androidx/test/core/app/ApplicationProvider.class
androidx/test/core/app/InstrumentationActivityInvoker$1.class
androidx/test/core/app/InstrumentationActivityInvoker$2.class
androidx/test/core/app/InstrumentationActivityInvoker$ActivityResultWaiter$1.class
androidx/test/core/app/InstrumentationActivityInvoker$ActivityResultWaiter.class
androidx/test/core/app/InstrumentationActivityInvoker$BootstrapActivity$1.class
androidx/test/core/app/InstrumentationActivityInvoker$BootstrapActivity.class
androidx/test/core/app/InstrumentationActivityInvoker.class
androidx/test/core/app/InstrumentationActivityInvoker$EmptyActivity$1.class
androidx/test/core/app/InstrumentationActivityInvoker$EmptyActivity.class
androidx/test/core/app/InstrumentationActivityInvoker$EmptyFloatingActivity$1.class
androidx/test/core/app/InstrumentationActivityInvoker$EmptyFloatingActivity.class
androidx/test/core/app/InstrumentationActivityInvoker$$Lambda$0.class
androidx/test/core/app/InstrumentationActivityInvoker$$Lambda$1.class
androidx/test/core/app/InstrumentationActivityInvoker$$Lambda$2.class
androidx/test/core/app/InstrumentationActivityInvoker$$Lambda$3.class
androidx/test/core/content/pm/ApplicationInfoBuilder.class
androidx/test/core/content/pm/PackageInfoBuilder.class
androidx/test/core/os/Parcelables.class
androidx/test/core/R.class
androidx/test/core/R$style.class
androidx/test/core/view/MotionEventBuilder.class
androidx/test/core/view/PointerCoordsBuilder.class
androidx/test/core/view/PointerPropertiesBuilder.class
androidx/test/espresso/action/AdapterDataLoaderAction.class
androidx/test/espresso/action/AdapterViewProtocol$1.class
androidx/test/espresso/action/AdapterViewProtocol$AdaptedData$Builder$1.class
androidx/test/espresso/action/AdapterViewProtocol$AdaptedData$Builder.class
androidx/test/espresso/action/AdapterViewProtocol$AdaptedData.class
androidx/test/espresso/action/AdapterViewProtocol.class
androidx/test/espresso/action/AdapterViewProtocol$DataFunction.class
androidx/test/espresso/action/AdapterViewProtocols$1.class
androidx/test/espresso/action/AdapterViewProtocols.class
androidx/test/espresso/action/AdapterViewProtocols$StandardAdapterViewProtocol.class
androidx/test/espresso/action/AdapterViewProtocols$StandardAdapterViewProtocol$StandardDataFunction.class
androidx/test/espresso/action/CloseKeyboardAction$1.class
androidx/test/espresso/action/CloseKeyboardAction.class
androidx/test/espresso/action/CloseKeyboardAction$CloseKeyboardIdlingResult$1.class
androidx/test/espresso/action/CloseKeyboardAction$CloseKeyboardIdlingResult$2.class
androidx/test/espresso/action/CloseKeyboardAction$CloseKeyboardIdlingResult.class
androidx/test/espresso/action/CoordinatesProvider.class
androidx/test/espresso/action/EditorAction.class
androidx/test/espresso/action/EspressoKey$1.class
androidx/test/espresso/action/EspressoKey$Builder.class
androidx/test/espresso/action/EspressoKey.class
androidx/test/espresso/action/GeneralClickAction.class
androidx/test/espresso/action/GeneralLocation$10.class
androidx/test/espresso/action/GeneralLocation$1.class
androidx/test/espresso/action/GeneralLocation$2.class
androidx/test/espresso/action/GeneralLocation$3.class
androidx/test/espresso/action/GeneralLocation$4.class
androidx/test/espresso/action/GeneralLocation$5.class
androidx/test/espresso/action/GeneralLocation$6.class
androidx/test/espresso/action/GeneralLocation$7.class
androidx/test/espresso/action/GeneralLocation$8.class
androidx/test/espresso/action/GeneralLocation$9.class
androidx/test/espresso/action/GeneralLocation.class
androidx/test/espresso/action/GeneralLocation$Position$1.class
androidx/test/espresso/action/GeneralLocation$Position$2.class
androidx/test/espresso/action/GeneralLocation$Position$3.class
androidx/test/espresso/action/GeneralLocation$Position.class
androidx/test/espresso/action/GeneralSwipeAction.class
androidx/test/espresso/action/KeyEventActionBase.class
androidx/test/espresso/action/KeyEventAction.class
androidx/test/espresso/action/MotionEvents.class
androidx/test/espresso/action/MotionEvents$DownResultHolder.class
androidx/test/espresso/action/OpenLinkAction.class
androidx/test/espresso/action/PrecisionDescriber.class
androidx/test/espresso/action/Press$1.class
androidx/test/espresso/action/Press$2.class
androidx/test/espresso/action/Press$3.class
androidx/test/espresso/action/PressBackAction.class
androidx/test/espresso/action/Press.class
androidx/test/espresso/action/RepeatActionUntilViewState.class
androidx/test/espresso/action/ReplaceTextAction.class
androidx/test/espresso/action/ScrollToAction.class
androidx/test/espresso/action/Swipe$1.class
androidx/test/espresso/action/Swipe$2.class
androidx/test/espresso/action/Swipe.class
androidx/test/espresso/action/Swiper.class
androidx/test/espresso/action/Swiper$Status.class
androidx/test/espresso/action/Tap$1.class
androidx/test/espresso/action/Tap$2.class
androidx/test/espresso/action/Tap$3.class
androidx/test/espresso/action/Tap.class
androidx/test/espresso/action/Tapper.class
androidx/test/espresso/action/Tapper$Status.class
androidx/test/espresso/action/TranslatedCoordinatesProvider.class
androidx/test/espresso/action/TypeTextAction.class
androidx/test/espresso/action/ViewActions$1.class
androidx/test/espresso/action/ViewActions.class
androidx/test/espresso/AmbiguousViewMatcherException$1.class
androidx/test/espresso/AmbiguousViewMatcherException$Builder.class
androidx/test/espresso/AmbiguousViewMatcherException.class
androidx/test/espresso/AppNotIdleException.class
androidx/test/espresso/assertion/LayoutAssertions$1.class
androidx/test/espresso/assertion/LayoutAssertions.class
androidx/test/espresso/assertion/LayoutAssertions$NoOverlapsViewAssertion$1.class
androidx/test/espresso/assertion/LayoutAssertions$NoOverlapsViewAssertion.class
androidx/test/espresso/assertion/PositionAssertions$1.class
androidx/test/espresso/assertion/PositionAssertions$2.class
androidx/test/espresso/assertion/PositionAssertions$3.class
androidx/test/espresso/assertion/PositionAssertions.class
androidx/test/espresso/assertion/PositionAssertions$Position.class
androidx/test/espresso/assertion/ViewAssertions$1.class
androidx/test/espresso/assertion/ViewAssertions.class
androidx/test/espresso/assertion/ViewAssertions$DoesNotExistViewAssertion.class
androidx/test/espresso/assertion/ViewAssertions$MatchesViewAssertion.class
androidx/test/espresso/assertion/ViewAssertions$SelectedDescendantsMatchViewAssertion$1.class
androidx/test/espresso/assertion/ViewAssertions$SelectedDescendantsMatchViewAssertion.class
androidx/test/espresso/base/ActiveRootLister.class
androidx/test/espresso/base/AsyncTaskPoolMonitor$1.class
androidx/test/espresso/base/AsyncTaskPoolMonitor$BarrierRestarter.class
androidx/test/espresso/base/AsyncTaskPoolMonitor.class
androidx/test/espresso/base/AsyncTaskPoolMonitor$IdleMonitor$1.class
androidx/test/espresso/base/AsyncTaskPoolMonitor$IdleMonitor$2.class
androidx/test/espresso/base/AsyncTaskPoolMonitor$IdleMonitor.class
androidx/test/espresso/base/BaseLayerModule$1.class
androidx/test/espresso/base/BaseLayerModule.class
androidx/test/espresso/base/BaseLayerModule$FailureHandlerHolder.class
androidx/test/espresso/base/BaseLayerModule_FailureHandlerHolder_Factory.class
androidx/test/espresso/base/BaseLayerModule$$Lambda$0.class
androidx/test/espresso/base/BaseLayerModule$$Lambda$1.class
androidx/test/espresso/base/BaseLayerModule_ProvideActiveRootListerFactory.class
androidx/test/espresso/base/BaseLayerModule_ProvideCompatAsyncTaskMonitorFactory.class
androidx/test/espresso/base/BaseLayerModule_ProvideControlledLooperFactory.class
androidx/test/espresso/base/BaseLayerModule_ProvideDefaultFailureHanderFactory.class
androidx/test/espresso/base/BaseLayerModule_ProvideDynamicNotiferFactory.class
androidx/test/espresso/base/BaseLayerModule_ProvideEventInjectorFactory.class
androidx/test/espresso/base/BaseLayerModule_ProvideFailureHanderFactory.class
androidx/test/espresso/base/BaseLayerModule_ProvideFailureHandlerFactory.class
androidx/test/espresso/base/BaseLayerModule_ProvideLifecycleMonitorFactory.class
androidx/test/espresso/base/BaseLayerModule_ProvideMainLooperFactory.class
androidx/test/espresso/base/BaseLayerModule_ProvideMainThreadExecutorFactory.class
androidx/test/espresso/base/BaseLayerModule_ProvideRemoteExecutorFactory.class
androidx/test/espresso/base/BaseLayerModule_ProvideSdkAsyncTaskMonitorFactory.class
androidx/test/espresso/base/BaseLayerModule_ProvideTargetContextFactory.class
androidx/test/espresso/base/CompatAsyncTask.class
androidx/test/espresso/base/Default.class
androidx/test/espresso/base/DefaultFailureHandler$AssertionFailedWithCauseError.class
androidx/test/espresso/base/DefaultFailureHandler.class
androidx/test/espresso/base/DefaultFailureHandler_Factory.class
androidx/test/espresso/base/EventInjectionStrategy.class
androidx/test/espresso/base/EventInjector.class
androidx/test/espresso/base/IdleNotifier.class
androidx/test/espresso/base/IdlingResourceRegistry$1.class
androidx/test/espresso/base/IdlingResourceRegistry$2.class
androidx/test/espresso/base/IdlingResourceRegistry$3.class
androidx/test/espresso/base/IdlingResourceRegistry$4.class
androidx/test/espresso/base/IdlingResourceRegistry$5.class
androidx/test/espresso/base/IdlingResourceRegistry$6.class
androidx/test/espresso/base/IdlingResourceRegistry.class
androidx/test/espresso/base/IdlingResourceRegistry$Dispatcher.class
androidx/test/espresso/base/IdlingResourceRegistry_Factory.class
androidx/test/espresso/base/IdlingResourceRegistry$IdleNotificationCallback.class
androidx/test/espresso/base/IdlingResourceRegistry$IdlingState.class
androidx/test/espresso/base/IdlingUiController.class
androidx/test/espresso/base/InputManagerEventInjectionStrategy.class
androidx/test/espresso/base/Interrogator$1.class
androidx/test/espresso/base/Interrogator.class
androidx/test/espresso/base/Interrogator$InterrogationHandler.class
androidx/test/espresso/base/Interrogator$QueueInterrogationHandler.class
androidx/test/espresso/base/InterruptableUiController.class
androidx/test/espresso/BaseLayerComponent.class
androidx/test/espresso/base/LooperIdlingResourceInterrogationHandler$1.class
androidx/test/espresso/base/LooperIdlingResourceInterrogationHandler$2.class
androidx/test/espresso/base/LooperIdlingResourceInterrogationHandler.class
androidx/test/espresso/base/MainThread.class
androidx/test/espresso/base/NoopIdleNotificationCallbackIdleNotifierProvider$1.class
androidx/test/espresso/base/NoopIdleNotificationCallbackIdleNotifierProvider.class
androidx/test/espresso/base/NoopIdleNotificationCallbackIdleNotifierProvider$NoopIdleNotificationCallbackIdleNotifier.class
androidx/test/espresso/base/NoopRunnableIdleNotifier.class
androidx/test/espresso/base/RootsOracle.class
androidx/test/espresso/base/RootsOracle_Factory.class
androidx/test/espresso/base/RootViewPicker$1.class
androidx/test/espresso/base/RootViewPicker$BackOff.class
androidx/test/espresso/base/RootViewPicker.class
androidx/test/espresso/base/RootViewPicker_Factory.class
androidx/test/espresso/base/RootViewPicker$NoActiveRootsBackoff.class
androidx/test/espresso/base/RootViewPicker$NoMatchingRootBackoff.class
androidx/test/espresso/base/RootViewPicker$RootReadyBackoff.class
androidx/test/espresso/base/RootViewPicker$RootResultFetcher.class
androidx/test/espresso/base/RootViewPicker_RootResultFetcher_Factory.class
androidx/test/espresso/base/RootViewPicker$RootResults.class
androidx/test/espresso/base/RootViewPicker$RootResults$State.class
androidx/test/espresso/base/RootViewPickerScope.class
androidx/test/espresso/base/SdkAsyncTask.class
androidx/test/espresso/base/ThreadPoolExecutorExtractor$1.class
androidx/test/espresso/base/ThreadPoolExecutorExtractor$2.class
androidx/test/espresso/base/ThreadPoolExecutorExtractor$3.class
androidx/test/espresso/base/ThreadPoolExecutorExtractor$4.class
androidx/test/espresso/base/ThreadPoolExecutorExtractor$5.class
androidx/test/espresso/base/ThreadPoolExecutorExtractor.class
androidx/test/espresso/base/ThreadPoolExecutorExtractor_Factory.class
androidx/test/espresso/base/UiControllerImpl$1.class
androidx/test/espresso/base/UiControllerImpl$2.class
androidx/test/espresso/base/UiControllerImpl$3.class
androidx/test/espresso/base/UiControllerImpl$4.class
androidx/test/espresso/base/UiControllerImpl$5.class
androidx/test/espresso/base/UiControllerImpl$6.class
androidx/test/espresso/base/UiControllerImpl.class
androidx/test/espresso/base/UiControllerImpl_Factory.class
androidx/test/espresso/base/UiControllerImpl$IdleCondition.class
androidx/test/espresso/base/UiControllerImpl$InterrogationStatus.class
androidx/test/espresso/base/UiControllerImpl$MainThreadInterrogation.class
androidx/test/espresso/base/UiControllerImpl$SignalingTask.class
androidx/test/espresso/base/UiControllerModule$1.class
androidx/test/espresso/base/UiControllerModule.class
androidx/test/espresso/base/UiControllerModule$EspressoUiControllerAdapter.class
androidx/test/espresso/base/UiControllerModule_ProvideUiControllerFactory.class
androidx/test/espresso/base/ViewFinderImpl$1.class
androidx/test/espresso/base/ViewFinderImpl.class
androidx/test/espresso/base/ViewFinderImpl_Factory.class
androidx/test/espresso/base/ViewFinderImpl$MatcherPredicateAdapter.class
androidx/test/espresso/base/WindowManagerEventInjectionStrategy.class
androidx/test/espresso/core/internal/deps/aidl/BaseProxy.class
androidx/test/espresso/core/internal/deps/aidl/BaseStub.class
androidx/test/espresso/core/internal/deps/aidl/Codecs.class
androidx/test/espresso/core/internal/deps/aidl/TransactionInterceptor.class
androidx/test/espresso/core/internal/deps/dagger/Core.gwt.xml
androidx/test/espresso/core/internal/deps/dagger/Dagger.gwt.xml
androidx/test/espresso/core/internal/deps/dagger/internal/DoubleCheck.class
androidx/test/espresso/core/internal/deps/dagger/internal/Factory.class
androidx/test/espresso/core/internal/deps/dagger/internal/MemoizedSentinel.class
androidx/test/espresso/core/internal/deps/dagger/internal/Preconditions.class
androidx/test/espresso/core/internal/deps/guava/base/Absent.class
androidx/test/espresso/core/internal/deps/guava/base/AbstractIterator$1.class
androidx/test/espresso/core/internal/deps/guava/base/AbstractIterator.class
androidx/test/espresso/core/internal/deps/guava/base/AbstractIterator$State.class
androidx/test/espresso/core/internal/deps/guava/base/Ascii.class
androidx/test/espresso/core/internal/deps/guava/base/Equivalence.class
androidx/test/espresso/core/internal/deps/guava/base/Equivalence$Equals.class
androidx/test/espresso/core/internal/deps/guava/base/Equivalence$Identity.class
androidx/test/espresso/core/internal/deps/guava/base/ExtraObjectsMethodsForWeb.class
androidx/test/espresso/core/internal/deps/guava/base/Function.class
androidx/test/espresso/core/internal/deps/guava/base/Joiner.class
androidx/test/espresso/core/internal/deps/guava/base/MoreObjects$1.class
androidx/test/espresso/core/internal/deps/guava/base/MoreObjects.class
androidx/test/espresso/core/internal/deps/guava/base/MoreObjects$ToStringHelper.class
androidx/test/espresso/core/internal/deps/guava/base/MoreObjects$ToStringHelper$ValueHolder.class
androidx/test/espresso/core/internal/deps/guava/base/Objects.class
androidx/test/espresso/core/internal/deps/guava/base/Optional$1$1.class
androidx/test/espresso/core/internal/deps/guava/base/Optional$1.class
androidx/test/espresso/core/internal/deps/guava/base/Optional.class
androidx/test/espresso/core/internal/deps/guava/base/PatternCompiler.class
androidx/test/espresso/core/internal/deps/guava/base/Platform$1.class
androidx/test/espresso/core/internal/deps/guava/base/Platform.class
androidx/test/espresso/core/internal/deps/guava/base/Platform$JdkPatternCompiler.class
androidx/test/espresso/core/internal/deps/guava/base/Preconditions.class
androidx/test/espresso/core/internal/deps/guava/base/Predicate.class
androidx/test/espresso/core/internal/deps/guava/base/Present.class
androidx/test/espresso/core/internal/deps/guava/base/Stopwatch$1.class
androidx/test/espresso/core/internal/deps/guava/base/Stopwatch.class
androidx/test/espresso/core/internal/deps/guava/base/Strings.class
androidx/test/espresso/core/internal/deps/guava/base/Supplier.class
androidx/test/espresso/core/internal/deps/guava/base/Suppliers.class
androidx/test/espresso/core/internal/deps/guava/base/Suppliers$SupplierOfInstance.class
androidx/test/espresso/core/internal/deps/guava/base/Throwables.class
androidx/test/espresso/core/internal/deps/guava/base/Ticker$1.class
androidx/test/espresso/core/internal/deps/guava/base/Ticker.class
androidx/test/espresso/core/internal/deps/guava/cache/AbstractCache.class
androidx/test/espresso/core/internal/deps/guava/cache/AbstractCache$SimpleStatsCounter.class
androidx/test/espresso/core/internal/deps/guava/cache/AbstractCache$StatsCounter.class
androidx/test/espresso/core/internal/deps/guava/cache/CacheBuilder$1.class
androidx/test/espresso/core/internal/deps/guava/cache/CacheBuilder$2.class
androidx/test/espresso/core/internal/deps/guava/cache/CacheBuilder$3.class
androidx/test/espresso/core/internal/deps/guava/cache/CacheBuilder.class
androidx/test/espresso/core/internal/deps/guava/cache/CacheBuilder$NullListener.class
androidx/test/espresso/core/internal/deps/guava/cache/CacheBuilder$OneWeigher.class
androidx/test/espresso/core/internal/deps/guava/cache/Cache.class
androidx/test/espresso/core/internal/deps/guava/cache/CacheLoader.class
androidx/test/espresso/core/internal/deps/guava/cache/CacheLoader$InvalidCacheLoadException.class
androidx/test/espresso/core/internal/deps/guava/cache/CacheStats.class
androidx/test/espresso/core/internal/deps/guava/cache/ForwardingCache.class
androidx/test/espresso/core/internal/deps/guava/cache/LocalCache$1.class
androidx/test/espresso/core/internal/deps/guava/cache/LocalCache$2.class
androidx/test/espresso/core/internal/deps/guava/cache/LocalCache$AbstractCacheSet.class
androidx/test/espresso/core/internal/deps/guava/cache/LocalCache$AbstractReferenceEntry.class
androidx/test/espresso/core/internal/deps/guava/cache/LocalCache$AccessQueue$1.class
androidx/test/espresso/core/internal/deps/guava/cache/LocalCache$AccessQueue$2.class
androidx/test/espresso/core/internal/deps/guava/cache/LocalCache$AccessQueue.class
androidx/test/espresso/core/internal/deps/guava/cache/LocalCache.class
androidx/test/espresso/core/internal/deps/guava/cache/LocalCache$EntryFactory$1.class
androidx/test/espresso/core/internal/deps/guava/cache/LocalCache$EntryFactory$2.class
androidx/test/espresso/core/internal/deps/guava/cache/LocalCache$EntryFactory$3.class
androidx/test/espresso/core/internal/deps/guava/cache/LocalCache$EntryFactory$4.class
androidx/test/espresso/core/internal/deps/guava/cache/LocalCache$EntryFactory$5.class
androidx/test/espresso/core/internal/deps/guava/cache/LocalCache$EntryFactory$6.class
androidx/test/espresso/core/internal/deps/guava/cache/LocalCache$EntryFactory$7.class
androidx/test/espresso/core/internal/deps/guava/cache/LocalCache$EntryFactory$8.class
androidx/test/espresso/core/internal/deps/guava/cache/LocalCache$EntryFactory.class
androidx/test/espresso/core/internal/deps/guava/cache/LocalCache$EntryIterator.class
androidx/test/espresso/core/internal/deps/guava/cache/LocalCache$EntrySet.class
androidx/test/espresso/core/internal/deps/guava/cache/LocalCache$HashIterator.class
androidx/test/espresso/core/internal/deps/guava/cache/LocalCache$KeyIterator.class
androidx/test/espresso/core/internal/deps/guava/cache/LocalCache$KeySet.class
androidx/test/espresso/core/internal/deps/guava/cache/LocalCache$LoadingValueReference$1.class
androidx/test/espresso/core/internal/deps/guava/cache/LocalCache$LoadingValueReference.class
androidx/test/espresso/core/internal/deps/guava/cache/LocalCache$LocalManualCache.class
androidx/test/espresso/core/internal/deps/guava/cache/LocalCache$ManualSerializationProxy.class
androidx/test/espresso/core/internal/deps/guava/cache/LocalCache$NullEntry.class
androidx/test/espresso/core/internal/deps/guava/cache/LocalCache$Segment$1.class
androidx/test/espresso/core/internal/deps/guava/cache/LocalCache$Segment.class
androidx/test/espresso/core/internal/deps/guava/cache/LocalCache$SoftValueReference.class
androidx/test/espresso/core/internal/deps/guava/cache/LocalCache$Strength$1.class
androidx/test/espresso/core/internal/deps/guava/cache/LocalCache$Strength$2.class
androidx/test/espresso/core/internal/deps/guava/cache/LocalCache$Strength$3.class
androidx/test/espresso/core/internal/deps/guava/cache/LocalCache$Strength.class
androidx/test/espresso/core/internal/deps/guava/cache/LocalCache$StrongAccessEntry.class
androidx/test/espresso/core/internal/deps/guava/cache/LocalCache$StrongAccessWriteEntry.class
androidx/test/espresso/core/internal/deps/guava/cache/LocalCache$StrongEntry.class
androidx/test/espresso/core/internal/deps/guava/cache/LocalCache$StrongValueReference.class
androidx/test/espresso/core/internal/deps/guava/cache/LocalCache$StrongWriteEntry.class
androidx/test/espresso/core/internal/deps/guava/cache/LocalCache$ValueIterator.class
androidx/test/espresso/core/internal/deps/guava/cache/LocalCache$ValueReference.class
androidx/test/espresso/core/internal/deps/guava/cache/LocalCache$Values.class
androidx/test/espresso/core/internal/deps/guava/cache/LocalCache$WeakAccessEntry.class
androidx/test/espresso/core/internal/deps/guava/cache/LocalCache$WeakAccessWriteEntry.class
androidx/test/espresso/core/internal/deps/guava/cache/LocalCache$WeakEntry.class
androidx/test/espresso/core/internal/deps/guava/cache/LocalCache$WeakValueReference.class
androidx/test/espresso/core/internal/deps/guava/cache/LocalCache$WeakWriteEntry.class
androidx/test/espresso/core/internal/deps/guava/cache/LocalCache$WeightedSoftValueReference.class
androidx/test/espresso/core/internal/deps/guava/cache/LocalCache$WeightedStrongValueReference.class
androidx/test/espresso/core/internal/deps/guava/cache/LocalCache$WeightedWeakValueReference.class
androidx/test/espresso/core/internal/deps/guava/cache/LocalCache$WriteQueue$1.class
androidx/test/espresso/core/internal/deps/guava/cache/LocalCache$WriteQueue$2.class
androidx/test/espresso/core/internal/deps/guava/cache/LocalCache$WriteQueue.class
androidx/test/espresso/core/internal/deps/guava/cache/LocalCache$WriteThroughEntry.class
androidx/test/espresso/core/internal/deps/guava/cache/LongAddable.class
androidx/test/espresso/core/internal/deps/guava/cache/LongAddables$1.class
androidx/test/espresso/core/internal/deps/guava/cache/LongAddables$2.class
androidx/test/espresso/core/internal/deps/guava/cache/LongAddables.class
androidx/test/espresso/core/internal/deps/guava/cache/LongAddables$PureJavaLongAddable.class
androidx/test/espresso/core/internal/deps/guava/cache/LongAdder.class
androidx/test/espresso/core/internal/deps/guava/cache/ReferenceEntry.class
androidx/test/espresso/core/internal/deps/guava/cache/RemovalCause$1.class
androidx/test/espresso/core/internal/deps/guava/cache/RemovalCause$2.class
androidx/test/espresso/core/internal/deps/guava/cache/RemovalCause$3.class
androidx/test/espresso/core/internal/deps/guava/cache/RemovalCause$4.class
androidx/test/espresso/core/internal/deps/guava/cache/RemovalCause$5.class
androidx/test/espresso/core/internal/deps/guava/cache/RemovalCause.class
androidx/test/espresso/core/internal/deps/guava/cache/RemovalListener.class
androidx/test/espresso/core/internal/deps/guava/cache/RemovalNotification.class
androidx/test/espresso/core/internal/deps/guava/cache/Striped64$1.class
androidx/test/espresso/core/internal/deps/guava/cache/Striped64$Cell.class
androidx/test/espresso/core/internal/deps/guava/cache/Striped64.class
androidx/test/espresso/core/internal/deps/guava/cache/Weigher.class
androidx/test/espresso/core/internal/deps/guava/collect/AbstractIndexedListIterator.class
androidx/test/espresso/core/internal/deps/guava/collect/AbstractIterator$1.class
androidx/test/espresso/core/internal/deps/guava/collect/AbstractIterator.class
androidx/test/espresso/core/internal/deps/guava/collect/AbstractIterator$State.class
androidx/test/espresso/core/internal/deps/guava/collect/AbstractSequentialIterator.class
androidx/test/espresso/core/internal/deps/guava/collect/ByFunctionOrdering.class
androidx/test/espresso/core/internal/deps/guava/collect/Collections2.class
androidx/test/espresso/core/internal/deps/guava/collect/CollectPreconditions.class
androidx/test/espresso/core/internal/deps/guava/collect/ComparatorOrdering.class
androidx/test/espresso/core/internal/deps/guava/collect/Cut$AboveAll.class
androidx/test/espresso/core/internal/deps/guava/collect/Cut$AboveValue.class
androidx/test/espresso/core/internal/deps/guava/collect/Cut$BelowAll.class
androidx/test/espresso/core/internal/deps/guava/collect/Cut$BelowValue.class
androidx/test/espresso/core/internal/deps/guava/collect/Cut.class
androidx/test/espresso/core/internal/deps/guava/collect/FluentIterable.class
androidx/test/espresso/core/internal/deps/guava/collect/ForwardingObject.class
androidx/test/espresso/core/internal/deps/guava/collect/Hashing.class
androidx/test/espresso/core/internal/deps/guava/collect/ImmutableCollection$ArrayBasedBuilder.class
androidx/test/espresso/core/internal/deps/guava/collect/ImmutableCollection$Builder.class
androidx/test/espresso/core/internal/deps/guava/collect/ImmutableCollection.class
androidx/test/espresso/core/internal/deps/guava/collect/ImmutableList$Builder.class
androidx/test/espresso/core/internal/deps/guava/collect/ImmutableList.class
androidx/test/espresso/core/internal/deps/guava/collect/ImmutableList$Itr.class
androidx/test/espresso/core/internal/deps/guava/collect/ImmutableList$SerializedForm.class
androidx/test/espresso/core/internal/deps/guava/collect/ImmutableList$SubList.class
androidx/test/espresso/core/internal/deps/guava/collect/ImmutableMap$Builder.class
androidx/test/espresso/core/internal/deps/guava/collect/ImmutableMap.class
androidx/test/espresso/core/internal/deps/guava/collect/ImmutableMap$SerializedForm.class
androidx/test/espresso/core/internal/deps/guava/collect/ImmutableSet$Builder.class
androidx/test/espresso/core/internal/deps/guava/collect/ImmutableSet.class
androidx/test/espresso/core/internal/deps/guava/collect/ImmutableSet$SerializedForm.class
androidx/test/espresso/core/internal/deps/guava/collect/Iterables$4.class
androidx/test/espresso/core/internal/deps/guava/collect/Iterables$5.class
androidx/test/espresso/core/internal/deps/guava/collect/Iterables.class
androidx/test/espresso/core/internal/deps/guava/collect/Iterators$5.class
androidx/test/espresso/core/internal/deps/guava/collect/Iterators$6.class
androidx/test/espresso/core/internal/deps/guava/collect/Iterators$9.class
androidx/test/espresso/core/internal/deps/guava/collect/Iterators.class
androidx/test/espresso/core/internal/deps/guava/collect/Lists.class
androidx/test/espresso/core/internal/deps/guava/collect/Maps$1.class
androidx/test/espresso/core/internal/deps/guava/collect/Maps.class
androidx/test/espresso/core/internal/deps/guava/collect/Maps$EntryFunction$1.class
androidx/test/espresso/core/internal/deps/guava/collect/Maps$EntryFunction$2.class
androidx/test/espresso/core/internal/deps/guava/collect/Maps$EntryFunction.class
androidx/test/espresso/core/internal/deps/guava/collect/ObjectArrays.class
androidx/test/espresso/core/internal/deps/guava/collect/Ordering.class
androidx/test/espresso/core/internal/deps/guava/collect/Platform.class
androidx/test/espresso/core/internal/deps/guava/collect/Range.class
androidx/test/espresso/core/internal/deps/guava/collect/RangeGwtSerializationDependencies.class
androidx/test/espresso/core/internal/deps/guava/collect/RegularImmutableList.class
androidx/test/espresso/core/internal/deps/guava/collect/RegularImmutableMap.class
androidx/test/espresso/core/internal/deps/guava/collect/RegularImmutableMap$EntrySet$1.class
androidx/test/espresso/core/internal/deps/guava/collect/RegularImmutableMap$EntrySet.class
androidx/test/espresso/core/internal/deps/guava/collect/RegularImmutableMap$KeySet.class
androidx/test/espresso/core/internal/deps/guava/collect/RegularImmutableMap$KeysOrValuesAsList.class
androidx/test/espresso/core/internal/deps/guava/collect/RegularImmutableSet.class
androidx/test/espresso/core/internal/deps/guava/collect/Sets.class
androidx/test/espresso/core/internal/deps/guava/collect/SingletonImmutableSet.class
androidx/test/espresso/core/internal/deps/guava/collect/TransformedIterator.class
androidx/test/espresso/core/internal/deps/guava/collect/UnmodifiableIterator.class
androidx/test/espresso/core/internal/deps/guava/collect/UnmodifiableListIterator.class
androidx/test/espresso/core/internal/deps/guava/primitives/Booleans.class
androidx/test/espresso/core/internal/deps/guava/primitives/Ints.class
androidx/test/espresso/core/internal/deps/guava/util/concurrent/AbstractFuture$1.class
androidx/test/espresso/core/internal/deps/guava/util/concurrent/AbstractFuture$AtomicHelper.class
androidx/test/espresso/core/internal/deps/guava/util/concurrent/AbstractFuture$Cancellation.class
androidx/test/espresso/core/internal/deps/guava/util/concurrent/AbstractFuture.class
androidx/test/espresso/core/internal/deps/guava/util/concurrent/AbstractFuture$Failure$1.class
androidx/test/espresso/core/internal/deps/guava/util/concurrent/AbstractFuture$Failure.class
androidx/test/espresso/core/internal/deps/guava/util/concurrent/AbstractFuture$Listener.class
androidx/test/espresso/core/internal/deps/guava/util/concurrent/AbstractFuture$SafeAtomicHelper.class
androidx/test/espresso/core/internal/deps/guava/util/concurrent/AbstractFuture$SetFuture.class
androidx/test/espresso/core/internal/deps/guava/util/concurrent/AbstractFuture$SynchronizedHelper.class
androidx/test/espresso/core/internal/deps/guava/util/concurrent/AbstractFuture$Trusted.class
androidx/test/espresso/core/internal/deps/guava/util/concurrent/AbstractFuture$TrustedFuture.class
androidx/test/espresso/core/internal/deps/guava/util/concurrent/AbstractFuture$UnsafeAtomicHelper$1.class
androidx/test/espresso/core/internal/deps/guava/util/concurrent/AbstractFuture$UnsafeAtomicHelper.class
androidx/test/espresso/core/internal/deps/guava/util/concurrent/AbstractFuture$Waiter.class
androidx/test/espresso/core/internal/deps/guava/util/concurrent/AbstractListeningExecutorService.class
androidx/test/espresso/core/internal/deps/guava/util/concurrent/AbstractTransformFuture.class
androidx/test/espresso/core/internal/deps/guava/util/concurrent/AbstractTransformFuture$TransformFuture.class
androidx/test/espresso/core/internal/deps/guava/util/concurrent/DirectExecutor.class
androidx/test/espresso/core/internal/deps/guava/util/concurrent/ExecutionList.class
androidx/test/espresso/core/internal/deps/guava/util/concurrent/ExecutionList$RunnableExecutorPair.class
androidx/test/espresso/core/internal/deps/guava/util/concurrent/FluentFuture.class
androidx/test/espresso/core/internal/deps/guava/util/concurrent/FluentFuture$TrustedFuture.class
androidx/test/espresso/core/internal/deps/guava/util/concurrent/ForwardingFuture.class
androidx/test/espresso/core/internal/deps/guava/util/concurrent/ForwardingListenableFuture.class
androidx/test/espresso/core/internal/deps/guava/util/concurrent/ForwardingListenableFuture$SimpleForwardingListenableFuture.class
androidx/test/espresso/core/internal/deps/guava/util/concurrent/Futures.class
androidx/test/espresso/core/internal/deps/guava/util/concurrent/GwtFluentFutureCatchingSpecialization.class
androidx/test/espresso/core/internal/deps/guava/util/concurrent/GwtFuturesCatchingSpecialization.class
androidx/test/espresso/core/internal/deps/guava/util/concurrent/ImmediateFuture.class
androidx/test/espresso/core/internal/deps/guava/util/concurrent/ImmediateFuture$ImmediateFailedFuture.class
androidx/test/espresso/core/internal/deps/guava/util/concurrent/ImmediateFuture$ImmediateSuccessfulFuture.class
androidx/test/espresso/core/internal/deps/guava/util/concurrent/internal/InternalFutureFailureAccess.class
androidx/test/espresso/core/internal/deps/guava/util/concurrent/internal/InternalFutures.class
androidx/test/espresso/core/internal/deps/guava/util/concurrent/InterruptibleTask$1.class
androidx/test/espresso/core/internal/deps/guava/util/concurrent/InterruptibleTask.class
androidx/test/espresso/core/internal/deps/guava/util/concurrent/InterruptibleTask$DoNothingRunnable.class
androidx/test/espresso/core/internal/deps/guava/util/concurrent/ListenableFuture.class
androidx/test/espresso/core/internal/deps/guava/util/concurrent/ListenableFutureTask.class
androidx/test/espresso/core/internal/deps/guava/util/concurrent/ListenableScheduledFuture.class
androidx/test/espresso/core/internal/deps/guava/util/concurrent/ListeningExecutorService.class
androidx/test/espresso/core/internal/deps/guava/util/concurrent/ListeningScheduledExecutorService.class
androidx/test/espresso/core/internal/deps/guava/util/concurrent/MoreExecutors$5$1.class
androidx/test/espresso/core/internal/deps/guava/util/concurrent/MoreExecutors$5.class
androidx/test/espresso/core/internal/deps/guava/util/concurrent/MoreExecutors.class
androidx/test/espresso/core/internal/deps/guava/util/concurrent/MoreExecutors$ListeningDecorator.class
androidx/test/espresso/core/internal/deps/guava/util/concurrent/MoreExecutors$ScheduledListeningDecorator.class
androidx/test/espresso/core/internal/deps/guava/util/concurrent/MoreExecutors$ScheduledListeningDecorator$ListenableScheduledTask.class
androidx/test/espresso/core/internal/deps/guava/util/concurrent/MoreExecutors$ScheduledListeningDecorator$NeverSuccessfulListenableFutureTask.class
androidx/test/espresso/core/internal/deps/guava/util/concurrent/SettableFuture.class
androidx/test/espresso/core/internal/deps/guava/util/concurrent/ThreadFactoryBuilder$1.class
androidx/test/espresso/core/internal/deps/guava/util/concurrent/ThreadFactoryBuilder.class
androidx/test/espresso/core/internal/deps/guava/util/concurrent/TrustedListenableFutureTask.class
androidx/test/espresso/core/internal/deps/guava/util/concurrent/TrustedListenableFutureTask$TrustedFutureInterruptibleTask.class
androidx/test/espresso/core/internal/deps/guava/util/concurrent/Uninterruptibles.class
androidx/test/espresso/DaggerBaseLayerComponent$1.class
androidx/test/espresso/DaggerBaseLayerComponent$Builder.class
androidx/test/espresso/DaggerBaseLayerComponent.class
androidx/test/espresso/DaggerBaseLayerComponent$ViewInteractionComponentImpl.class
androidx/test/espresso/DataInteraction.class
androidx/test/espresso/DataInteraction$DisplayDataMatcher$1.class
androidx/test/espresso/DataInteraction$DisplayDataMatcher.class
androidx/test/espresso/Espresso$1.class
androidx/test/espresso/Espresso$2.class
androidx/test/espresso/Espresso.class
androidx/test/espresso/EspressoException.class
androidx/test/espresso/Espresso$TransitionBridgingViewAction.class
androidx/test/espresso/FailureHandler.class
androidx/test/espresso/GraphHolder.class
androidx/test/espresso/idling/CountingIdlingResource.class
androidx/test/espresso/IdlingPolicies.class
androidx/test/espresso/IdlingPolicy$1.class
androidx/test/espresso/IdlingPolicy$Builder.class
androidx/test/espresso/IdlingPolicy.class
androidx/test/espresso/IdlingPolicy$ResponseAction.class
androidx/test/espresso/IdlingRegistry.class
androidx/test/espresso/IdlingResource.class
androidx/test/espresso/IdlingResource$ResourceCallback.class
androidx/test/espresso/IdlingResourceTimeoutException.class
androidx/test/espresso/InjectEventSecurityException.class
androidx/test/espresso/InteractionResultsHandler$1.class
androidx/test/espresso/InteractionResultsHandler.class
androidx/test/espresso/InteractionResultsHandler$ExecutionResult.class
androidx/test/espresso/internal/inject/InstrumentationContext.class
androidx/test/espresso/internal/inject/TargetContext.class
androidx/test/espresso/matcher/BoundedMatcher.class
androidx/test/espresso/matcher/CursorMatchers$1.class
androidx/test/espresso/matcher/CursorMatchers$2.class
androidx/test/espresso/matcher/CursorMatchers$3.class
androidx/test/espresso/matcher/CursorMatchers$4.class
androidx/test/espresso/matcher/CursorMatchers$5.class
androidx/test/espresso/matcher/CursorMatchers$6.class
androidx/test/espresso/matcher/CursorMatchers$7.class
androidx/test/espresso/matcher/CursorMatchers.class
androidx/test/espresso/matcher/CursorMatchers$CursorMatcher.class
androidx/test/espresso/matcher/CursorMatchers$MatcherApplier.class
androidx/test/espresso/matcher/HasBackgroundMatcher.class
androidx/test/espresso/matcher/LayoutMatchers$1.class
androidx/test/espresso/matcher/LayoutMatchers$2.class
androidx/test/espresso/matcher/LayoutMatchers.class
androidx/test/espresso/matcher/PreferenceMatchers$1.class
androidx/test/espresso/matcher/PreferenceMatchers$2.class
androidx/test/espresso/matcher/PreferenceMatchers$3.class
androidx/test/espresso/matcher/PreferenceMatchers$4.class
androidx/test/espresso/matcher/PreferenceMatchers$5.class
androidx/test/espresso/matcher/PreferenceMatchers$6.class
androidx/test/espresso/matcher/PreferenceMatchers.class
androidx/test/espresso/matcher/RootMatchers.class
androidx/test/espresso/matcher/RootMatchers$HasWindowFocus.class
androidx/test/espresso/matcher/RootMatchers$HasWindowLayoutParams.class
androidx/test/espresso/matcher/RootMatchers$IsDialog.class
androidx/test/espresso/matcher/RootMatchers$IsFocusable.class
androidx/test/espresso/matcher/RootMatchers$IsPlatformPopup.class
androidx/test/espresso/matcher/RootMatchers$IsSubwindowOfCurrentActivity.class
androidx/test/espresso/matcher/RootMatchers$IsSystemAlertWindow.class
androidx/test/espresso/matcher/RootMatchers$IsTouchable.class
androidx/test/espresso/matcher/RootMatchers$WithDecorView.class
androidx/test/espresso/matcher/ViewMatchers$1.class
androidx/test/espresso/matcher/ViewMatchers$2.class
androidx/test/espresso/matcher/ViewMatchers.class
androidx/test/espresso/matcher/ViewMatchers$HasChildCountMatcher.class
androidx/test/espresso/matcher/ViewMatchers$HasContentDescriptionMatcher.class
androidx/test/espresso/matcher/ViewMatchers$HasDescendantMatcher$1.class
androidx/test/espresso/matcher/ViewMatchers$HasDescendantMatcher.class
androidx/test/espresso/matcher/ViewMatchers$HasErrorTextMatcher.class
androidx/test/espresso/matcher/ViewMatchers$HasFocusMatcher.class
androidx/test/espresso/matcher/ViewMatchers$HasImeActionMatcher.class
androidx/test/espresso/matcher/ViewMatchers$HasLinksMatcher.class
androidx/test/espresso/matcher/ViewMatchers$HasMinimumChildCountMatcher.class
androidx/test/espresso/matcher/ViewMatchers$HasSiblingMatcher.class
androidx/test/espresso/matcher/ViewMatchers$IsAssignableFromMatcher.class
androidx/test/espresso/matcher/ViewMatchers$IsClickableMatcher.class
androidx/test/espresso/matcher/ViewMatchers$IsDescendantOfAMatcher.class
androidx/test/espresso/matcher/ViewMatchers$IsDisplayedMatcher.class
androidx/test/espresso/matcher/ViewMatchers$IsDisplayingAtLeastMatcher.class
androidx/test/espresso/matcher/ViewMatchers$IsEnabledMatcher.class
androidx/test/espresso/matcher/ViewMatchers$IsFocusableMatcher.class
androidx/test/espresso/matcher/ViewMatchers$IsJavascriptEnabledMatcher.class
androidx/test/espresso/matcher/ViewMatchers$IsRootMatcher.class
androidx/test/espresso/matcher/ViewMatchers$IsSelectedMatcher.class
androidx/test/espresso/matcher/ViewMatchers$SupportsInputMethodsMatcher.class
androidx/test/espresso/matcher/ViewMatchers$Visibility.class
androidx/test/espresso/matcher/ViewMatchers$WithAlphaMatcher.class
androidx/test/espresso/matcher/ViewMatchers$WithCharSequenceMatcher.class
androidx/test/espresso/matcher/ViewMatchers$WithCharSequenceMatcher$TextViewMethod.class
androidx/test/espresso/matcher/ViewMatchers$WithCheckBoxStateMatcher.class
androidx/test/espresso/matcher/ViewMatchers$WithChildMatcher.class
androidx/test/espresso/matcher/ViewMatchers$WithClassNameMatcher.class
androidx/test/espresso/matcher/ViewMatchers$WithContentDescriptionFromIdMatcher.class
androidx/test/espresso/matcher/ViewMatchers$WithContentDescriptionMatcher.class
androidx/test/espresso/matcher/ViewMatchers$WithContentDescriptionTextMatcher.class
androidx/test/espresso/matcher/ViewMatchers$WithEffectiveVisibilityMatcher.class
androidx/test/espresso/matcher/ViewMatchers$WithHintMatcher.class
androidx/test/espresso/matcher/ViewMatchers$WithIdMatcher.class
androidx/test/espresso/matcher/ViewMatchers$WithInputTypeMatcher.class
androidx/test/espresso/matcher/ViewMatchers$WithParentIndexMatcher.class
androidx/test/espresso/matcher/ViewMatchers$WithParentMatcher.class
androidx/test/espresso/matcher/ViewMatchers$WithResourceNameMatcher.class
androidx/test/espresso/matcher/ViewMatchers$WithSpinnerTextIdMatcher.class
androidx/test/espresso/matcher/ViewMatchers$WithSpinnerTextMatcher.class
androidx/test/espresso/matcher/ViewMatchers$WithTagKeyMatcher.class
androidx/test/espresso/matcher/ViewMatchers$WithTagValueMatcher.class
androidx/test/espresso/matcher/ViewMatchers$WithTextMatcher.class
androidx/test/espresso/NoActivityResumedException.class
androidx/test/espresso/NoMatchingRootException.class
androidx/test/espresso/NoMatchingViewException$1.class
androidx/test/espresso/NoMatchingViewException$Builder.class
androidx/test/espresso/NoMatchingViewException.class
androidx/test/espresso/PerformException$1.class
androidx/test/espresso/PerformException$Builder.class
androidx/test/espresso/PerformException.class
androidx/test/espresso/remote/annotation/RemoteMsgConstructor.class
androidx/test/espresso/remote/annotation/RemoteMsgField.class
androidx/test/espresso/remote/Bindable.class
androidx/test/espresso/remote/ConstructorInvocation.class
androidx/test/espresso/remote/ConstructorInvocation$ConstructorKey.class
androidx/test/espresso/remote/EspressoRemoteMessage.class
androidx/test/espresso/remote/EspressoRemoteMessage$From.class
androidx/test/espresso/remote/EspressoRemoteMessage$To.class
androidx/test/espresso/remote/IInteractionExecutionStatus.class
androidx/test/espresso/remote/IInteractionExecutionStatus$Stub.class
androidx/test/espresso/remote/IInteractionExecutionStatus$Stub$Proxy.class
androidx/test/espresso/remote/MethodInvocation.class
androidx/test/espresso/remote/MethodInvocation$MethodKey.class
androidx/test/espresso/remote/NoopRemoteInteraction$1.class
androidx/test/espresso/remote/NoopRemoteInteraction$2.class
androidx/test/espresso/remote/NoopRemoteInteraction.class
androidx/test/espresso/remote/NoRemoteEspressoInstanceException.class
androidx/test/espresso/remote/RemoteEspressoException.class
androidx/test/espresso/remote/RemoteInteraction.class
androidx/test/espresso/remote/RemoteInteractionRegistry.class
androidx/test/espresso/remote/RemoteProtocolException.class
androidx/test/espresso/Root$1.class
androidx/test/espresso/Root$Builder.class
androidx/test/espresso/Root.class
androidx/test/espresso/UiController$$CC.class
androidx/test/espresso/UiController.class
androidx/test/espresso/util/ActivityLifecycles.class
androidx/test/espresso/util/EspressoOptional.class
androidx/test/espresso/util/HumanReadables$1.class
androidx/test/espresso/util/HumanReadables.class
androidx/test/espresso/util/TreeIterables$1.class
androidx/test/espresso/util/TreeIterables.class
androidx/test/espresso/util/TreeIterables$DistanceRecordingTreeViewer.class
androidx/test/espresso/util/TreeIterables$TraversalStrategy$1.class
androidx/test/espresso/util/TreeIterables$TraversalStrategy$2.class
androidx/test/espresso/util/TreeIterables$TraversalStrategy.class
androidx/test/espresso/util/TreeIterables$TreeTraversalIterable$1.class
androidx/test/espresso/util/TreeIterables$TreeTraversalIterable.class
androidx/test/espresso/util/TreeIterables$TreeViewer.class
androidx/test/espresso/util/TreeIterables$ViewAndDistance.class
androidx/test/espresso/util/TreeIterables$ViewTreeViewer.class
androidx/test/espresso/ViewAction.class
androidx/test/espresso/ViewAssertion.class
androidx/test/espresso/ViewFinder.class
androidx/test/espresso/ViewInteraction$1.class
androidx/test/espresso/ViewInteraction$2.class
androidx/test/espresso/ViewInteraction.class
androidx/test/espresso/ViewInteractionComponent.class
androidx/test/espresso/ViewInteraction_Factory.class
androidx/test/espresso/ViewInteractionModule.class
androidx/test/espresso/ViewInteractionModule_ProvideNeedsActivityFactory.class
androidx/test/espresso/ViewInteractionModule_ProvideRemoteInteractionFactory.class
androidx/test/espresso/ViewInteractionModule_ProvideRootMatcherFactory.class
androidx/test/espresso/ViewInteractionModule_ProvideRootViewFactory.class
androidx/test/espresso/ViewInteractionModule_ProvideViewFinderFactory.class
androidx/test/espresso/ViewInteractionModule_ProvideViewMatcherFactory.class
androidx/test/espresso/ViewInteraction$SingleExecutionViewAction$1.class
androidx/test/espresso/ViewInteraction$SingleExecutionViewAction.class
androidx/test/espresso/ViewInteraction$SingleExecutionViewAssertion$1.class
androidx/test/espresso/ViewInteraction$SingleExecutionViewAssertion.class
androidx/test/ext/junit/rules/ActivityScenarioRule.class
androidx/test/ext/junit/rules/ActivityScenarioRule$$Lambda$0.class
androidx/test/ext/junit/rules/ActivityScenarioRule$$Lambda$1.class
androidx/test/ext/junit/rules/ActivityScenarioRule$Supplier.class
androidx/test/ext/junit/runners/AndroidJUnit4.class
androidx/test/filters/FlakyTest.class
androidx/test/filters/LargeTest.class
androidx/test/filters/MediumTest.class
androidx/test/filters/RequiresDevice.class
androidx/test/filters/SdkSuppress.class
androidx/test/filters/SmallTest.class
androidx/test/filters/Suppress.class
androidx/test/InstrumentationRegistry.class
androidx/test/internal/platform/app/ActivityInvoker$$CC.class
androidx/test/internal/platform/app/ActivityInvoker.class
androidx/test/internal/platform/content/PermissionGranter.class
androidx/test/internal/platform/os/ControlledLooper.class
androidx/test/internal/platform/ServiceLoaderWrapper.class
androidx/test/internal/platform/ServiceLoaderWrapper$Factory.class
androidx/test/internal/platform/ThreadChecker.class
androidx/test/internal/platform/util/TestOutputEmitter$1.class
androidx/test/internal/platform/util/TestOutputEmitter.class
androidx/test/internal/platform/util/TestOutputEmitter$$Lambda$0.class
androidx/test/internal/platform/util/TestOutputHandler.class
androidx/test/internal/runner/AndroidLogOnlyBuilder.class
androidx/test/internal/runner/AndroidRunnerBuilder.class
androidx/test/internal/runner/ClassPathScanner$AcceptAllFilter.class
androidx/test/internal/runner/ClassPathScanner$ChainedClassNameFilter.class
androidx/test/internal/runner/ClassPathScanner.class
androidx/test/internal/runner/ClassPathScanner$ClassNameFilter.class
androidx/test/internal/runner/ClassPathScanner$ExcludeClassNamesFilter.class
androidx/test/internal/runner/ClassPathScanner$ExcludePackageNameFilter.class
androidx/test/internal/runner/ClassPathScanner$ExternalClassNameFilter.class
androidx/test/internal/runner/ClassPathScanner$InclusivePackageNamesFilter.class
androidx/test/internal/runner/hidden/ExposedInstrumentationApi.class
androidx/test/internal/runner/InstrumentationConnection$1.class
androidx/test/internal/runner/InstrumentationConnection.class
androidx/test/internal/runner/InstrumentationConnection$IncomingHandler$1.class
androidx/test/internal/runner/InstrumentationConnection$IncomingHandler$2.class
androidx/test/internal/runner/InstrumentationConnection$IncomingHandler$3.class
androidx/test/internal/runner/InstrumentationConnection$IncomingHandler.class
androidx/test/internal/runner/InstrumentationConnection$MessengerReceiver.class
androidx/test/internal/runner/intent/IntentMonitorImpl.class
androidx/test/internal/runner/intercepting/DefaultInterceptingActivityFactory.class
androidx/test/internal/runner/junit3/AndroidJUnit3Builder$1.class
androidx/test/internal/runner/junit3/AndroidJUnit3Builder.class
androidx/test/internal/runner/junit3/AndroidSuiteBuilder.class
androidx/test/internal/runner/junit3/AndroidTestResult.class
androidx/test/internal/runner/junit3/AndroidTestSuite$1.class
androidx/test/internal/runner/junit3/AndroidTestSuite$2.class
androidx/test/internal/runner/junit3/AndroidTestSuite$3.class
androidx/test/internal/runner/junit3/AndroidTestSuite.class
androidx/test/internal/runner/junit3/DelegatingFilterableTestSuite.class
androidx/test/internal/runner/junit3/DelegatingTestResult.class
androidx/test/internal/runner/junit3/DelegatingTestSuite.class
androidx/test/internal/runner/junit3/JUnit38ClassRunner$1.class
androidx/test/internal/runner/junit3/JUnit38ClassRunner.class
androidx/test/internal/runner/junit3/JUnit38ClassRunner$OldTestClassAdaptingListener.class
androidx/test/internal/runner/junit3/NonExecutingTestResult.class
androidx/test/internal/runner/junit3/NonExecutingTestSuite.class
androidx/test/internal/runner/junit3/NonLeakyTestSuite.class
androidx/test/internal/runner/junit3/NonLeakyTestSuite$NonLeakyTest.class
androidx/test/internal/runner/junit4/AndroidAnnotatedBuilder.class
androidx/test/internal/runner/junit4/AndroidJUnit4Builder.class
androidx/test/internal/runner/junit4/AndroidJUnit4ClassRunner.class
androidx/test/internal/runner/junit4/statement/RunAfters$1.class
androidx/test/internal/runner/junit4/statement/RunAfters.class
androidx/test/internal/runner/junit4/statement/RunBefores$1.class
androidx/test/internal/runner/junit4/statement/RunBefores.class
androidx/test/internal/runner/junit4/statement/UiThreadStatement$1.class
androidx/test/internal/runner/junit4/statement/UiThreadStatement.class
androidx/test/internal/runner/lifecycle/ActivityLifecycleMonitorImpl$ActivityStatus.class
androidx/test/internal/runner/lifecycle/ActivityLifecycleMonitorImpl.class
androidx/test/internal/runner/lifecycle/ApplicationLifecycleMonitorImpl.class
androidx/test/internal/runner/listener/ActivityFinisherRunListener.class
androidx/test/internal/runner/listener/CoverageListener.class
androidx/test/internal/runner/listener/DelayInjector.class
androidx/test/internal/runner/listener/InstrumentationResultPrinter.class
androidx/test/internal/runner/listener/InstrumentationRunListener.class
androidx/test/internal/runner/listener/LogRunListener.class
androidx/test/internal/runner/listener/SuiteAssignmentPrinter.class
androidx/test/internal/runner/NonExecutingRunner.class
androidx/test/internal/runner/RunnerArgs$1.class
androidx/test/internal/runner/RunnerArgs$Builder.class
androidx/test/internal/runner/RunnerArgs.class
androidx/test/internal/runner/RunnerArgs$TestArg.class
androidx/test/internal/runner/RunnerArgs$TestFileArgs.class
androidx/test/internal/runner/TestExecutor$1.class
androidx/test/internal/runner/TestExecutor$Builder.class
androidx/test/internal/runner/TestExecutor.class
androidx/test/internal/runner/TestLoader.class
androidx/test/internal/runner/TestLoader$ScanningRunnerBuilder.class
androidx/test/internal/runner/TestLoader$UnloadableClassRunner.class
androidx/test/internal/runner/TestRequestBuilder$1.class
androidx/test/internal/runner/TestRequestBuilder$AnnotationExclusionFilter.class
androidx/test/internal/runner/TestRequestBuilder$AnnotationInclusionFilter.class
androidx/test/internal/runner/TestRequestBuilder$BlankRunner.class
androidx/test/internal/runner/TestRequestBuilder.class
androidx/test/internal/runner/TestRequestBuilder$ClassAndMethodFilter.class
androidx/test/internal/runner/TestRequestBuilder$DeviceBuild.class
androidx/test/internal/runner/TestRequestBuilder$DeviceBuildImpl.class
androidx/test/internal/runner/TestRequestBuilder$ExtendedSuite.class
androidx/test/internal/runner/TestRequestBuilder$LenientFilterRequest.class
androidx/test/internal/runner/TestRequestBuilder$MethodFilter.class
androidx/test/internal/runner/TestRequestBuilder$ParentFilter.class
androidx/test/internal/runner/TestRequestBuilder$RequiresDeviceFilter.class
androidx/test/internal/runner/TestRequestBuilder$SdkSuppressFilter.class
androidx/test/internal/runner/TestRequestBuilder$ShardingFilter.class
androidx/test/internal/runner/TestRequestBuilder$SizeFilter.class
androidx/test/internal/runner/TestSize.class
androidx/test/internal/runner/tracker/AnalyticsBasedUsageTracker$1.class
androidx/test/internal/runner/tracker/AnalyticsBasedUsageTracker$Builder.class
androidx/test/internal/runner/tracker/AnalyticsBasedUsageTracker.class
androidx/test/internal/runner/tracker/UsageTracker.class
androidx/test/internal/runner/tracker/UsageTracker$NoOpUsageTracker.class
androidx/test/internal/runner/tracker/UsageTrackerRegistry$AxtVersions.class
androidx/test/internal/runner/tracker/UsageTrackerRegistry.class
androidx/test/internal/util/AndroidRunnerBuilderUtil.class
androidx/test/internal/util/AndroidRunnerParams.class
androidx/test/internal/util/Checks$1.class
androidx/test/internal/util/Checks.class
androidx/test/internal/util/LogUtil.class
androidx/test/internal/util/LogUtil$$Lambda$0.class
androidx/test/internal/util/LogUtil$$Lambda$1.class
androidx/test/internal/util/LogUtil$Supplier.class
androidx/test/internal/util/ParcelableIBinder$1.class
androidx/test/internal/util/ParcelableIBinder.class
androidx/test/internal/util/ProcSummary$1.class
androidx/test/internal/util/ProcSummary$Builder.class
androidx/test/internal/util/ProcSummary.class
androidx/test/internal/util/ProcSummary$SummaryException.class
androidx/test/internal/util/ReflectionUtil.class
androidx/test/orchestrator/callback/OrchestratorCallback.class
androidx/test/orchestrator/callback/OrchestratorCallback$Stub.class
androidx/test/orchestrator/callback/OrchestratorCallback$Stub$Proxy.class
androidx/test/orchestrator/instrumentationlistener/OrchestratedInstrumentationListener$1.class
androidx/test/orchestrator/instrumentationlistener/OrchestratedInstrumentationListener.class
androidx/test/orchestrator/instrumentationlistener/OrchestratedInstrumentationListener$OnConnectListener.class
androidx/test/orchestrator/junit/BundleJUnitUtils.class
androidx/test/orchestrator/junit/ParcelableDescription$1.class
androidx/test/orchestrator/junit/ParcelableDescription.class
androidx/test/orchestrator/junit/ParcelableFailure$1.class
androidx/test/orchestrator/junit/ParcelableFailure.class
androidx/test/orchestrator/junit/ParcelableResult$1.class
androidx/test/orchestrator/junit/ParcelableResult.class
androidx/test/orchestrator/listeners/OrchestrationListenerManager$1.class
androidx/test/orchestrator/listeners/OrchestrationListenerManager.class
androidx/test/orchestrator/listeners/OrchestrationListenerManager$TestEvent.class
androidx/test/orchestrator/listeners/OrchestrationRunListener.class
androidx/test/orchestrator/listeners/result/ITestRunListener.class
androidx/test/orchestrator/listeners/result/TestIdentifier.class
androidx/test/orchestrator/listeners/result/TestResult.class
androidx/test/orchestrator/listeners/result/TestResult$TestStatus.class
androidx/test/orchestrator/listeners/result/TestRunResult.class
androidx/test/platform/app/InstrumentationRegistry.class
androidx/test/platform/TestFrameworkException.class
androidx/test/platform/ui/InjectEventSecurityException.class
androidx/test/platform/ui/UiController.class
androidx/test/runner/AndroidJUnit4.class
androidx/test/runner/AndroidJUnitRunner$1.class
androidx/test/runner/AndroidJUnitRunner$2.class
androidx/test/runner/AndroidJUnitRunner.class
androidx/test/runner/intent/IntentCallback.class
androidx/test/runner/intent/IntentMonitor.class
androidx/test/runner/intent/IntentMonitorRegistry.class
androidx/test/runner/intent/IntentStubber.class
androidx/test/runner/intent/IntentStubberRegistry.class
androidx/test/runner/intercepting/InterceptingActivityFactory.class
androidx/test/runner/intercepting/SingleActivityFactory.class
androidx/test/runner/internal/deps/aidl/BaseProxy.class
androidx/test/runner/internal/deps/aidl/BaseStub.class
androidx/test/runner/internal/deps/aidl/Codecs.class
androidx/test/runner/internal/deps/aidl/TransactionInterceptor.class
androidx/test/runner/lifecycle/ActivityLifecycleCallback.class
androidx/test/runner/lifecycle/ActivityLifecycleMonitor.class
androidx/test/runner/lifecycle/ActivityLifecycleMonitorRegistry.class
androidx/test/runner/lifecycle/ApplicationLifecycleCallback.class
androidx/test/runner/lifecycle/ApplicationLifecycleMonitor.class
androidx/test/runner/lifecycle/ApplicationLifecycleMonitorRegistry.class
androidx/test/runner/lifecycle/ApplicationStage.class
androidx/test/runner/lifecycle/Stage.class
androidx/test/runner/MonitoringInstrumentation$1.class
androidx/test/runner/MonitoringInstrumentation$2.class
androidx/test/runner/MonitoringInstrumentation$3.class
androidx/test/runner/MonitoringInstrumentation$4.class
androidx/test/runner/MonitoringInstrumentation$5.class
androidx/test/runner/MonitoringInstrumentation$ActivityFinisher.class
androidx/test/runner/MonitoringInstrumentation.class
androidx/test/runner/MonitoringInstrumentation$StubResultCallable.class
androidx/test/runner/permission/GrantPermissionCallable.class
androidx/test/runner/permission/PermissionRequester.class
androidx/test/runner/permission/RequestPermissionCallable.class
androidx/test/runner/permission/RequestPermissionCallable$Result.class
androidx/test/runner/permission/ShellCommand.class
androidx/test/runner/permission/UiAutomationShellCommand.class
androidx/test/runner/permission/UiAutomationShellCommand$PmCommand.class
androidx/test/runner/screenshot/BasicScreenCaptureProcessor.class
androidx/test/runner/screenshot/ScreenCapture.class
androidx/test/runner/screenshot/ScreenCaptureProcessor.class
androidx/test/runner/screenshot/Screenshot.class
androidx/test/runner/screenshot/Screenshot$ScreenShotException.class
androidx/test/runner/screenshot/TakeScreenshotCallable$1.class
androidx/test/runner/screenshot/TakeScreenshotCallable.class
androidx/test/runner/screenshot/TakeScreenshotCallable$Factory.class
androidx/test/runner/screenshot/UiAutomationWrapper.class
androidx/test/runner/UsageTrackerFacilitator.class
com/
com/google/devtools/build/android/desugar/runtime/ThrowableExtension$AbstractDesugaringStrategy.class
com/google/devtools/build/android/desugar/runtime/ThrowableExtension.class
com/google/devtools/build/android/desugar/runtime/ThrowableExtension$ConcurrentWeakIdentityHashMap.class
com/google/devtools/build/android/desugar/runtime/ThrowableExtension$ConcurrentWeakIdentityHashMap$WeakKey.class
com/google/devtools/build/android/desugar/runtime/ThrowableExtension$MimicDesugaringStrategy.class
com/google/devtools/build/android/desugar/runtime/ThrowableExtension$NullDesugaringStrategy.class
com/google/devtools/build/android/desugar/runtime/ThrowableExtension$ReuseDesugaringStrategy.class
com/squareup/
com/squareup/javawriter/
com/squareup/javawriter/JavaWriter.class
com/squareup/javawriter/JavaWriter$Scope.class
javax/
javax/annotation/
javax/annotation/CheckForNull.class
javax/annotation/CheckForNull.java
javax/annotation/CheckForSigned.class
javax/annotation/CheckForSigned.java
javax/annotation/CheckReturnValue.class
javax/annotation/CheckReturnValue.java
javax/annotation/concurrent/
javax/annotation/concurrent/GuardedBy.class
javax/annotation/concurrent/GuardedBy.java
javax/annotation/concurrent/Immutable.class
javax/annotation/concurrent/Immutable.java
javax/annotation/concurrent/NotThreadSafe.class
javax/annotation/concurrent/NotThreadSafe.java
javax/annotation/concurrent/ThreadSafe.class
javax/annotation/concurrent/ThreadSafe.java
javax/annotation/Detainted.class
javax/annotation/Detainted.java
javax/annotation/MatchesPattern$Checker.class
javax/annotation/MatchesPattern.class
javax/annotation/MatchesPattern.java
javax/annotation/meta/
javax/annotation/meta/Exclusive.class
javax/annotation/meta/Exclusive.java
javax/annotation/meta/Exhaustive.class
javax/annotation/meta/Exhaustive.java
javax/annotation/meta/TypeQualifier.class
javax/annotation/meta/TypeQualifierDefault.class
javax/annotation/meta/TypeQualifierDefault.java
javax/annotation/meta/TypeQualifier.java
javax/annotation/meta/TypeQualifierNickname.class
javax/annotation/meta/TypeQualifierNickname.java
javax/annotation/meta/TypeQualifierValidator.class
javax/annotation/meta/TypeQualifierValidator.java
javax/annotation/meta/When.class
javax/annotation/meta/When.java
javax/annotation/Nonnegative$Checker.class
javax/annotation/Nonnegative.class
javax/annotation/Nonnegative.java
javax/annotation/Nonnull$Checker.class
javax/annotation/Nonnull.class
javax/annotation/Nonnull.java
javax/annotation/Nullable.class
javax/annotation/Nullable.java
javax/annotation/OverridingMethodsMustInvokeSuper.class
javax/annotation/OverridingMethodsMustInvokeSuper.java
javax/annotation/ParametersAreNonnullByDefault.class
javax/annotation/ParametersAreNonnullByDefault.java
javax/annotation/PropertyKey.class
javax/annotation/PropertyKey.java
javax/annotation/RegEx$Checker.class
javax/annotation/RegEx.class
javax/annotation/RegEx.java
javax/annotation/Signed.class
javax/annotation/Signed.java
javax/annotation/Syntax.class
javax/annotation/Syntax.java
javax/annotation/Tainted.class
javax/annotation/Tainted.java
javax/annotation/Untainted.class
javax/annotation/Untainted.java
javax/annotation/WillClose.class
javax/annotation/WillClose.java
javax/annotation/WillCloseWhenClosed.class
javax/annotation/WillCloseWhenClosed.java
javax/annotation/WillNotClose.class
javax/annotation/WillNotClose.java
javax/inject/
javax/inject/Inject.class
javax/inject/Named.class
javax/inject/Provider.class
javax/inject/Qualifier.class
javax/inject/Scope.class
javax/inject/Singleton.class
junit/
junit/extensions/
junit/extensions/ActiveTestSuite$1.class
junit/extensions/ActiveTestSuite.class
junit/extensions/RepeatedTest.class
junit/extensions/TestDecorator.class
junit/extensions/TestSetup$1.class
junit/extensions/TestSetup.class
junit/framework/
junit/framework/Assert.class
junit/framework/AssertionFailedError.class
junit/framework/ComparisonCompactor.class
junit/framework/ComparisonFailure.class
junit/framework/JUnit4TestAdapterCache$1.class
junit/framework/JUnit4TestAdapterCache.class
junit/framework/JUnit4TestAdapter.class
junit/framework/JUnit4TestCaseFacade.class
junit/framework/Protectable.class
junit/framework/TestCase.class
junit/framework/Test.class
junit/framework/TestFailure.class
junit/framework/TestListener.class
junit/framework/TestResult$1.class
junit/framework/TestResult.class
junit/framework/TestSuite$1.class
junit/framework/TestSuite.class
junit/runner/
junit/runner/BaseTestRunner.class
junit/runner/logo.gif
junit/runner/smalllogo.gif
junit/runner/TestRunListener.class
junit/runner/Version.class
junit/textui/
junit/textui/ResultPrinter.class
junit/textui/TestRunner.class
LICENSE-junit.txt
LICENSE.txt
META-INF/
META-INF/MANIFEST.MF
META-INF/maven/
META-INF/maven/com.squareup/
META-INF/maven/com.squareup/javawriter/
META-INF/maven/com.squareup/javawriter/pom.properties
META-INF/maven/com.squareup/javawriter/pom.xml
META-INF/proguard/
META-INF/proguard/androidx-annotations.pro
META-INF/services/
META-INF/services/org.xmlpull.v1.XmlPullParserFactory
not/used/R.class
not/used/R$style.class
org/
org/hamcrest/
org/hamcrest/BaseDescription.class
org/hamcrest/BaseMatcher.class
org/hamcrest/beans/
org/hamcrest/beans/HasProperty.class
org/hamcrest/beans/HasPropertyWithValue$1.class
org/hamcrest/beans/HasPropertyWithValue$2.class
org/hamcrest/beans/HasPropertyWithValue.class
org/hamcrest/beans/PropertyUtil.class
org/hamcrest/beans/SamePropertyValuesAs.class
org/hamcrest/beans/SamePropertyValuesAs$PropertyMatcher.class
org/hamcrest/collection/
org/hamcrest/collection/IsArray.class
org/hamcrest/collection/IsArrayContaining.class
org/hamcrest/collection/IsArrayContainingInAnyOrder.class
org/hamcrest/collection/IsArrayContainingInOrder.class
org/hamcrest/collection/IsArrayWithSize.class
org/hamcrest/collection/IsCollectionWithSize.class
org/hamcrest/collection/IsEmptyCollection.class
org/hamcrest/collection/IsEmptyIterable.class
org/hamcrest/collection/IsIn.class
org/hamcrest/collection/IsIterableContainingInAnyOrder.class
org/hamcrest/collection/IsIterableContainingInAnyOrder$Matching.class
org/hamcrest/collection/IsIterableContainingInOrder.class
org/hamcrest/collection/IsIterableContainingInOrder$MatchSeries.class
org/hamcrest/collection/IsIterableWithSize.class
org/hamcrest/collection/IsMapContaining.class
org/hamcrest/Condition$1.class
org/hamcrest/Condition.class
org/hamcrest/Condition$Matched.class
org/hamcrest/Condition$NotMatched.class
org/hamcrest/Condition$Step.class
org/hamcrest/core/
org/hamcrest/core/AllOf.class
org/hamcrest/core/AnyOf.class
org/hamcrest/core/CombinableMatcher.class
org/hamcrest/core/CombinableMatcher$CombinableBothMatcher.class
org/hamcrest/core/CombinableMatcher$CombinableEitherMatcher.class
org/hamcrest/core/DescribedAs.class
org/hamcrest/core/Every.class
org/hamcrest/core/IsAnything.class
org/hamcrest/core/Is.class
org/hamcrest/core/IsCollectionContaining.class
org/hamcrest/core/IsEqual.class
org/hamcrest/core/IsInstanceOf.class
org/hamcrest/core/IsNot.class
org/hamcrest/core/IsNull.class
org/hamcrest/core/IsSame.class
org/hamcrest/CoreMatchers.class
org/hamcrest/core/ShortcutCombination.class
org/hamcrest/core/StringContains.class
org/hamcrest/core/StringEndsWith.class
org/hamcrest/core/StringStartsWith.class
org/hamcrest/core/SubstringMatcher.class
org/hamcrest/CustomMatcher.class
org/hamcrest/CustomTypeSafeMatcher.class
org/hamcrest/Description.class
org/hamcrest/Description$NullDescription.class
org/hamcrest/DiagnosingMatcher.class
org/hamcrest/EasyMock2Matchers.class
org/hamcrest/Factory.class
org/hamcrest/FeatureMatcher.class
org/hamcrest/integration/
org/hamcrest/integration/EasyMock2Adapter.class
org/hamcrest/integration/JMock1Adapter.class
org/hamcrest/internal/
org/hamcrest/internal/ArrayIterator.class
org/hamcrest/internal/ReflectiveTypeFinder.class
org/hamcrest/internal/SelfDescribingValue.class
org/hamcrest/internal/SelfDescribingValueIterator.class
org/hamcrest/JavaLangMatcherAssert.class
org/hamcrest/JMock1Matchers.class
org/hamcrest/MatcherAssert.class
org/hamcrest/Matcher.class
org/hamcrest/Matchers.class
org/hamcrest/number/
org/hamcrest/number/BigDecimalCloseTo.class
org/hamcrest/number/IsCloseTo.class
org/hamcrest/number/OrderingComparison.class
org/hamcrest/object/
org/hamcrest/object/HasToString.class
org/hamcrest/object/IsCompatibleType.class
org/hamcrest/object/IsEventFrom.class
org/hamcrest/SelfDescribing.class
org/hamcrest/StringDescription.class
org/hamcrest/text/
org/hamcrest/text/IsEmptyString.class
org/hamcrest/text/IsEqualIgnoringCase.class
org/hamcrest/text/IsEqualIgnoringWhiteSpace.class
org/hamcrest/text/StringContainsInOrder.class
org/hamcrest/TypeSafeDiagnosingMatcher.class
org/hamcrest/TypeSafeMatcher.class
org/hamcrest/xml/
org/hamcrest/xml/HasXPath$1.class
org/hamcrest/xml/HasXPath.class
org/junit/
org/junit/After.class
org/junit/AfterClass.class
org/junit/Assert.class
org/junit/Assume.class
org/junit/AssumptionViolatedException.class
org/junit/Before.class
org/junit/BeforeClass.class
org/junit/ClassRule.class
org/junit/ComparisonFailure$1.class
org/junit/ComparisonFailure.class
org/junit/ComparisonFailure$ComparisonCompactor.class
org/junit/ComparisonFailure$ComparisonCompactor$DiffExtractor.class
org/junit/experimental/
org/junit/experimental/categories/
org/junit/experimental/categories/Categories$CategoryFilter.class
org/junit/experimental/categories/Categories.class
org/junit/experimental/categories/Categories$ExcludeCategory.class
org/junit/experimental/categories/Categories$IncludeCategory.class
org/junit/experimental/categories/Category.class
org/junit/experimental/categories/CategoryFilterFactory.class
org/junit/experimental/categories/CategoryValidator.class
org/junit/experimental/categories/ExcludeCategories.class
org/junit/experimental/categories/ExcludeCategories$ExcludesAny.class
org/junit/experimental/categories/IncludeCategories.class
org/junit/experimental/categories/IncludeCategories$IncludesAny.class
org/junit/experimental/max/
org/junit/experimental/max/CouldNotReadCoreException.class
org/junit/experimental/max/MaxCore$1$1.class
org/junit/experimental/max/MaxCore$1.class
org/junit/experimental/max/MaxCore.class
org/junit/experimental/max/MaxHistory$1.class
org/junit/experimental/max/MaxHistory.class
org/junit/experimental/max/MaxHistory$RememberingListener.class
org/junit/experimental/max/MaxHistory$TestComparator.class
org/junit/experimental/ParallelComputer$1.class
org/junit/experimental/ParallelComputer.class
org/junit/experimental/results/
org/junit/experimental/results/FailureList.class
org/junit/experimental/results/PrintableResult.class
org/junit/experimental/results/ResultMatchers$1.class
org/junit/experimental/results/ResultMatchers$2.class
org/junit/experimental/results/ResultMatchers$3.class
org/junit/experimental/results/ResultMatchers.class
org/junit/experimental/runners/
org/junit/experimental/runners/Enclosed.class
org/junit/experimental/theories/
org/junit/experimental/theories/DataPoint.class
org/junit/experimental/theories/DataPoints.class
org/junit/experimental/theories/FromDataPoints.class
org/junit/experimental/theories/internal/
org/junit/experimental/theories/internal/AllMembersSupplier$1.class
org/junit/experimental/theories/internal/AllMembersSupplier.class
org/junit/experimental/theories/internal/AllMembersSupplier$MethodParameterValue.class
org/junit/experimental/theories/internal/Assignments.class
org/junit/experimental/theories/internal/BooleanSupplier.class
org/junit/experimental/theories/internal/EnumSupplier.class
org/junit/experimental/theories/internal/ParameterizedAssertionError.class
org/junit/experimental/theories/internal/SpecificDataPointsSupplier.class
org/junit/experimental/theories/ParameterSignature.class
org/junit/experimental/theories/ParametersSuppliedBy.class
org/junit/experimental/theories/ParameterSupplier.class
org/junit/experimental/theories/PotentialAssignment$1.class
org/junit/experimental/theories/PotentialAssignment.class
org/junit/experimental/theories/PotentialAssignment$CouldNotGenerateValueException.class
org/junit/experimental/theories/suppliers/
org/junit/experimental/theories/suppliers/TestedOn.class
org/junit/experimental/theories/suppliers/TestedOnSupplier.class
org/junit/experimental/theories/Theories.class
org/junit/experimental/theories/Theories$TheoryAnchor$1$1.class
org/junit/experimental/theories/Theories$TheoryAnchor$1.class
org/junit/experimental/theories/Theories$TheoryAnchor$2.class
org/junit/experimental/theories/Theories$TheoryAnchor.class
org/junit/experimental/theories/Theory.class
org/junit/FixMethodOrder.class
org/junit/Ignore.class
org/junit/internal/
org/junit/internal/ArrayComparisonFailure.class
org/junit/internal/AssumptionViolatedException.class
org/junit/internal/builders/
org/junit/internal/builders/AllDefaultPossibilitiesBuilder.class
org/junit/internal/builders/AnnotatedBuilder.class
org/junit/internal/builders/IgnoredBuilder.class
org/junit/internal/builders/IgnoredClassRunner.class
org/junit/internal/builders/JUnit3Builder.class
org/junit/internal/builders/JUnit4Builder.class
org/junit/internal/builders/NullBuilder.class
org/junit/internal/builders/SuiteMethodBuilder.class
org/junit/internal/Classes.class
org/junit/internal/ComparisonCriteria.class
org/junit/internal/ExactComparisonCriteria.class
org/junit/internal/InexactComparisonCriteria.class
org/junit/internal/JUnitSystem.class
org/junit/internal/matchers/
org/junit/internal/matchers/StacktracePrintingMatcher.class
org/junit/internal/matchers/ThrowableCauseMatcher.class
org/junit/internal/matchers/ThrowableMessageMatcher.class
org/junit/internal/matchers/TypeSafeMatcher.class
org/junit/internal/MethodSorter$1.class
org/junit/internal/MethodSorter$2.class
org/junit/internal/MethodSorter.class
org/junit/internal/RealSystem.class
org/junit/internal/requests/
org/junit/internal/requests/ClassRequest.class
org/junit/internal/requests/FilterRequest.class
org/junit/internal/requests/SortingRequest.class
org/junit/internal/runners/
org/junit/internal/runners/ClassRoadie.class
org/junit/internal/runners/ErrorReportingRunner.class
org/junit/internal/runners/FailedBefore.class
org/junit/internal/runners/InitializationError.class
org/junit/internal/runners/JUnit38ClassRunner$1.class
org/junit/internal/runners/JUnit38ClassRunner.class
org/junit/internal/runners/JUnit38ClassRunner$OldTestClassAdaptingListener.class
org/junit/internal/runners/JUnit4ClassRunner$1.class
org/junit/internal/runners/JUnit4ClassRunner$2.class
org/junit/internal/runners/JUnit4ClassRunner.class
org/junit/internal/runners/MethodRoadie$1$1.class
org/junit/internal/runners/MethodRoadie$1.class
org/junit/internal/runners/MethodRoadie$2.class
org/junit/internal/runners/MethodRoadie.class
org/junit/internal/runners/MethodValidator.class
org/junit/internal/runners/model/
org/junit/internal/runners/model/EachTestNotifier.class
org/junit/internal/runners/model/MultipleFailureException.class
org/junit/internal/runners/model/ReflectiveCallable.class
org/junit/internal/runners/rules/
org/junit/internal/runners/rules/RuleMemberValidator$1.class
org/junit/internal/runners/rules/RuleMemberValidator$Builder.class
org/junit/internal/runners/rules/RuleMemberValidator.class
org/junit/internal/runners/rules/RuleMemberValidator$DeclaringClassMustBePublic.class
org/junit/internal/runners/rules/RuleMemberValidator$FieldMustBeARule.class
org/junit/internal/runners/rules/RuleMemberValidator$FieldMustBeATestRule.class
org/junit/internal/runners/rules/RuleMemberValidator$MemberMustBeNonStaticOrAlsoClassRule.class
org/junit/internal/runners/rules/RuleMemberValidator$MemberMustBePublic.class
org/junit/internal/runners/rules/RuleMemberValidator$MemberMustBeStatic.class
org/junit/internal/runners/rules/RuleMemberValidator$MethodMustBeARule.class
org/junit/internal/runners/rules/RuleMemberValidator$MethodMustBeATestRule.class
org/junit/internal/runners/rules/RuleMemberValidator$RuleValidator.class
org/junit/internal/runners/rules/ValidationError.class
org/junit/internal/runners/statements/
org/junit/internal/runners/statements/ExpectException.class
org/junit/internal/runners/statements/Fail.class
org/junit/internal/runners/statements/FailOnTimeout$1.class
org/junit/internal/runners/statements/FailOnTimeout$Builder.class
org/junit/internal/runners/statements/FailOnTimeout$CallableStatement.class
org/junit/internal/runners/statements/FailOnTimeout.class
org/junit/internal/runners/statements/InvokeMethod.class
org/junit/internal/runners/statements/RunAfters.class
org/junit/internal/runners/statements/RunBefores.class
org/junit/internal/runners/SuiteMethod.class
org/junit/internal/runners/TestClass.class
org/junit/internal/runners/TestMethod.class
org/junit/internal/TextListener.class
org/junit/internal/Throwables.class
org/junit/matchers/
org/junit/matchers/JUnitMatchers.class
org/junit/Rule.class
org/junit/rules/
org/junit/rules/DisableOnDebug.class
org/junit/rules/ErrorCollector$1.class
org/junit/rules/ErrorCollector.class
org/junit/rules/ExpectedException.class
org/junit/rules/ExpectedException$ExpectedExceptionStatement.class
org/junit/rules/ExpectedExceptionMatcherBuilder.class
org/junit/rules/ExternalResource$1.class
org/junit/rules/ExternalResource.class
org/junit/rules/MethodRule.class
org/junit/rules/RuleChain.class
org/junit/rules/RunRules.class
org/junit/rules/Stopwatch$1.class
org/junit/rules/Stopwatch.class
org/junit/rules/Stopwatch$Clock.class
org/junit/rules/Stopwatch$InternalWatcher.class
org/junit/rules/TemporaryFolder.class
org/junit/rules/TestName.class
org/junit/rules/TestRule.class
org/junit/rules/TestWatcher$1.class
org/junit/rules/TestWatcher.class
org/junit/rules/TestWatchman$1.class
org/junit/rules/TestWatchman.class
org/junit/rules/Timeout$1.class
org/junit/rules/Timeout$Builder.class
org/junit/rules/Timeout.class
org/junit/rules/Verifier$1.class
org/junit/rules/Verifier.class
org/junit/runner/
org/junit/runner/Computer$1.class
org/junit/runner/Computer.class
org/junit/runner/Describable.class
org/junit/runner/Description.class
org/junit/runner/FilterFactories.class
org/junit/runner/FilterFactory.class
org/junit/runner/FilterFactory$FilterNotCreatedException.class
org/junit/runner/FilterFactoryParams.class
org/junit/runner/JUnitCommandLineParseResult.class
org/junit/runner/JUnitCommandLineParseResult$CommandLineParserError.class
org/junit/runner/JUnitCore.class
org/junit/runner/manipulation/
org/junit/runner/manipulation/Filter$1.class
org/junit/runner/manipulation/Filter$2.class
org/junit/runner/manipulation/Filter$3.class
org/junit/runner/manipulation/Filterable.class
org/junit/runner/manipulation/Filter.class
org/junit/runner/manipulation/NoTestsRemainException.class
org/junit/runner/manipulation/Sortable.class
org/junit/runner/manipulation/Sorter$1.class
org/junit/runner/manipulation/Sorter.class
org/junit/runner/notification/
org/junit/runner/notification/Failure.class
org/junit/runner/notification/RunListener.class
org/junit/runner/notification/RunListener$ThreadSafe.class
org/junit/runner/notification/RunNotifier$1.class
org/junit/runner/notification/RunNotifier$2.class
org/junit/runner/notification/RunNotifier$3.class
org/junit/runner/notification/RunNotifier$4.class
org/junit/runner/notification/RunNotifier$5.class
org/junit/runner/notification/RunNotifier$6.class
org/junit/runner/notification/RunNotifier$7.class
org/junit/runner/notification/RunNotifier.class
org/junit/runner/notification/RunNotifier$SafeNotifier.class
org/junit/runner/notification/StoppedByUserException.class
org/junit/runner/notification/SynchronizedRunListener.class
org/junit/runner/Request$1.class
org/junit/runner/Request.class
org/junit/runner/Result$1.class
org/junit/runner/Result.class
org/junit/runner/Result$Listener.class
org/junit/runner/Result$SerializedForm.class
org/junit/runner/Runner.class
org/junit/runner/RunWith.class
org/junit/runners/
org/junit/runners/AllTests.class
org/junit/runners/BlockJUnit4ClassRunner$1.class
org/junit/runners/BlockJUnit4ClassRunner.class
org/junit/runners/JUnit4.class
org/junit/runners/MethodSorters.class
org/junit/runners/model/
org/junit/runners/model/Annotatable.class
org/junit/runners/model/FrameworkField.class
org/junit/runners/model/FrameworkMember.class
org/junit/runners/model/FrameworkMethod$1.class
org/junit/runners/model/FrameworkMethod.class
org/junit/runners/model/InitializationError.class
org/junit/runners/model/MultipleFailureException.class
org/junit/runners/model/NoGenericTypeParametersValidator.class
org/junit/runners/model/RunnerBuilder.class
org/junit/runners/model/RunnerScheduler.class
org/junit/runners/model/Statement.class
org/junit/runners/model/TestClass$1.class
org/junit/runners/model/TestClass.class
org/junit/runners/model/TestClass$FieldComparator.class
org/junit/runners/model/TestClass$MethodComparator.class
org/junit/runners/model/TestTimedOutException.class
org/junit/runners/parameterized/
org/junit/runners/parameterized/BlockJUnit4ClassRunnerWithParameters.class
org/junit/runners/parameterized/BlockJUnit4ClassRunnerWithParametersFactory.class
org/junit/runners/Parameterized.class
org/junit/runners/Parameterized$Parameter.class
org/junit/runners/Parameterized$Parameters.class
org/junit/runners/parameterized/ParametersRunnerFactory.class
org/junit/runners/parameterized/TestWithParameters.class
org/junit/runners/Parameterized$UseParametersRunnerFactory.class
org/junit/runners/ParentRunner$1.class
org/junit/runners/ParentRunner$2.class
org/junit/runners/ParentRunner$3.class
org/junit/runners/ParentRunner$4.class
org/junit/runners/ParentRunner.class
org/junit/runners/Suite.class
org/junit/runners/Suite$SuiteClasses.class
org/junit/Test.class
org/junit/Test$None.class
org/junit/validator/
org/junit/validator/AnnotationsValidator$1.class
org/junit/validator/AnnotationsValidator$AnnotatableValidator.class
org/junit/validator/AnnotationsValidator.class
org/junit/validator/AnnotationsValidator$ClassValidator.class
org/junit/validator/AnnotationsValidator$FieldValidator.class
org/junit/validator/AnnotationsValidator$MethodValidator.class
org/junit/validator/AnnotationValidator.class
org/junit/validator/AnnotationValidatorFactory.class
org/junit/validator/PublicClassValidator.class
org/junit/validator/TestClassValidator.class
org/junit/validator/ValidateWith.class
org/kxml2/
org/kxml2/io/
org/kxml2/io/KXmlParser.class
org/kxml2/io/KXmlSerializer.class
org/kxml2/kdom/
org/kxml2/kdom/Document.class
org/kxml2/kdom/Element.class
org/kxml2/kdom/Node.class
org/kxml2/wap/
org/kxml2/wap/syncml/
org/kxml2/wap/syncml/SyncML.class
org/kxml2/wap/Wbxml.class
org/kxml2/wap/WbxmlParser.class
org/kxml2/wap/WbxmlSerializer.class
org/kxml2/wap/wml/
org/kxml2/wap/wml/Wml.class
org/kxml2/wap/wv/
org/kxml2/wap/wv/WV.class
org/xmlpull/
org/xmlpull/v1/
org/xmlpull/v1/XmlPullParser.class
org/xmlpull/v1/XmlPullParserException.class
org/xmlpull/v1/XmlPullParserFactory.class
org/xmlpull/v1/XmlSerializer.class
