build-data.properties
com/
com/google/
com/google/inject/
com/google/inject/AbstractModule.class
com/google/inject/binder/
com/google/inject/binder/AnnotatedBindingBuilder.class
com/google/inject/binder/AnnotatedConstantBindingBuilder.class
com/google/inject/binder/AnnotatedElementBuilder.class
com/google/inject/Binder.class
com/google/inject/binder/ConstantBindingBuilder.class
com/google/inject/binder/LinkedBindingBuilder.class
com/google/inject/binder/ScopedBindingBuilder.class
com/google/inject/BindingAnnotation.class
com/google/inject/Binding.class
com/google/inject/ConfigurationException.class
com/google/inject/CreationException.class
com/google/inject/Exposed.class
com/google/inject/Guice.class
com/google/inject/ImplementedBy.class
com/google/inject/Inject.class
com/google/inject/Injector.class
com/google/inject/internal/
com/google/inject/internal/AbstractBindingBuilder.class
com/google/inject/internal/AbstractBindingProcessor.class
com/google/inject/internal/AbstractBindingProcessor$Processor$1.class
com/google/inject/internal/AbstractBindingProcessor$Processor.class
com/google/inject/internal/AbstractProcessor.class
com/google/inject/internal/Annotations$1.class
com/google/inject/internal/Annotations$2.class
com/google/inject/internal/Annotations$3.class
com/google/inject/internal/Annotations$AnnotationChecker$1.class
com/google/inject/internal/Annotations$AnnotationChecker.class
com/google/inject/internal/Annotations.class
com/google/inject/internal/asm/
com/google/inject/internal/asm/$AnnotationVisitor.class
com/google/inject/internal/asm/$AnnotationWriter.class
com/google/inject/internal/asm/$Attribute.class
com/google/inject/internal/asm/$ByteVector.class
com/google/inject/internal/asm/$ClassReader.class
com/google/inject/internal/asm/$ClassVisitor.class
com/google/inject/internal/asm/$ClassWriter.class
com/google/inject/internal/asm/$Context.class
com/google/inject/internal/asm/$Edge.class
com/google/inject/internal/asm/$FieldVisitor.class
com/google/inject/internal/asm/$FieldWriter.class
com/google/inject/internal/asm/$Frame.class
com/google/inject/internal/asm/$Handle.class
com/google/inject/internal/asm/$Handler.class
com/google/inject/internal/asm/$Item.class
com/google/inject/internal/asm/$Label.class
com/google/inject/internal/asm/$MethodVisitor.class
com/google/inject/internal/asm/$MethodWriter.class
com/google/inject/internal/asm/$Opcodes.class
com/google/inject/internal/asm/$Type.class
com/google/inject/internal/asm/$TypePath.class
com/google/inject/internal/BindingBuilder.class
com/google/inject/internal/BindingImpl.class
com/google/inject/internal/BindingProcessor$1.class
com/google/inject/internal/BindingProcessor.class
com/google/inject/internal/BoundProviderFactory.class
com/google/inject/internal/BytecodeGen$1.class
com/google/inject/internal/BytecodeGen$2.class
com/google/inject/internal/BytecodeGen$3$1.class
com/google/inject/internal/BytecodeGen$3.class
com/google/inject/internal/BytecodeGen$BridgeClassLoader.class
com/google/inject/internal/BytecodeGen.class
com/google/inject/internal/BytecodeGen$SystemBridgeHolder.class
com/google/inject/internal/BytecodeGen$Visibility$1.class
com/google/inject/internal/BytecodeGen$Visibility$2.class
com/google/inject/internal/BytecodeGen$Visibility.class
com/google/inject/internal/cglib/
com/google/inject/internal/cglib/core/
com/google/inject/internal/cglib/core/$AbstractClassGenerator$1.class
com/google/inject/internal/cglib/core/$AbstractClassGenerator.class
com/google/inject/internal/cglib/core/$AbstractClassGenerator$Source.class
com/google/inject/internal/cglib/core/$Block.class
com/google/inject/internal/cglib/core/$ClassEmitter$1.class
com/google/inject/internal/cglib/core/$ClassEmitter$2.class
com/google/inject/internal/cglib/core/$ClassEmitter$3.class
com/google/inject/internal/cglib/core/$ClassEmitter.class
com/google/inject/internal/cglib/core/$ClassEmitter$FieldInfo.class
com/google/inject/internal/cglib/core/$ClassGenerator.class
com/google/inject/internal/cglib/core/$ClassInfo.class
com/google/inject/internal/cglib/core/$ClassNameReader$1.class
com/google/inject/internal/cglib/core/$ClassNameReader.class
com/google/inject/internal/cglib/core/$ClassNameReader$EarlyExitException.class
com/google/inject/internal/cglib/core/$CodeEmitter.class
com/google/inject/internal/cglib/core/$CodeEmitter$State.class
com/google/inject/internal/cglib/core/$CodeGenerationException.class
com/google/inject/internal/cglib/core/$CollectionUtils.class
com/google/inject/internal/cglib/core/$Constants.class
com/google/inject/internal/cglib/core/$Customizer.class
com/google/inject/internal/cglib/core/$DebuggingClassWriter$1.class
com/google/inject/internal/cglib/core/$DebuggingClassWriter.class
com/google/inject/internal/cglib/core/$DefaultGeneratorStrategy.class
com/google/inject/internal/cglib/core/$DefaultNamingPolicy.class
com/google/inject/internal/cglib/core/$DuplicatesPredicate.class
com/google/inject/internal/cglib/core/$EmitUtils$10.class
com/google/inject/internal/cglib/core/$EmitUtils$11.class
com/google/inject/internal/cglib/core/$EmitUtils$12.class
com/google/inject/internal/cglib/core/$EmitUtils$13.class
com/google/inject/internal/cglib/core/$EmitUtils$14.class
com/google/inject/internal/cglib/core/$EmitUtils$15.class
com/google/inject/internal/cglib/core/$EmitUtils$16.class
com/google/inject/internal/cglib/core/$EmitUtils$1.class
com/google/inject/internal/cglib/core/$EmitUtils$2.class
com/google/inject/internal/cglib/core/$EmitUtils$3.class
com/google/inject/internal/cglib/core/$EmitUtils$4.class
com/google/inject/internal/cglib/core/$EmitUtils$5.class
com/google/inject/internal/cglib/core/$EmitUtils$6.class
com/google/inject/internal/cglib/core/$EmitUtils$7.class
com/google/inject/internal/cglib/core/$EmitUtils$8.class
com/google/inject/internal/cglib/core/$EmitUtils$9.class
com/google/inject/internal/cglib/core/$EmitUtils$ArrayDelimiters.class
com/google/inject/internal/cglib/core/$EmitUtils.class
com/google/inject/internal/cglib/core/$EmitUtils$ParameterTyper.class
com/google/inject/internal/cglib/core/$GeneratorStrategy.class
com/google/inject/internal/cglib/core/$KeyFactory$1.class
com/google/inject/internal/cglib/core/$KeyFactory$2.class
com/google/inject/internal/cglib/core/$KeyFactory.class
com/google/inject/internal/cglib/core/$KeyFactory$Generator.class
com/google/inject/internal/cglib/core/$Local.class
com/google/inject/internal/cglib/core/$LocalVariablesSorter$1.class
com/google/inject/internal/cglib/core/$LocalVariablesSorter.class
com/google/inject/internal/cglib/core/$LocalVariablesSorter$State.class
com/google/inject/internal/cglib/core/$MethodInfo.class
com/google/inject/internal/cglib/core/$MethodInfoTransformer.class
com/google/inject/internal/cglib/core/$MethodWrapper.class
com/google/inject/internal/cglib/core/$MethodWrapper$MethodWrapperKey.class
com/google/inject/internal/cglib/core/$NamingPolicy.class
com/google/inject/internal/cglib/core/$ObjectSwitchCallback.class
com/google/inject/internal/cglib/core/$Predicate.class
com/google/inject/internal/cglib/core/$ProcessArrayCallback.class
com/google/inject/internal/cglib/core/$ProcessSwitchCallback.class
com/google/inject/internal/cglib/core/$ReflectUtils$1.class
com/google/inject/internal/cglib/core/$ReflectUtils$2.class
com/google/inject/internal/cglib/core/$ReflectUtils$3.class
com/google/inject/internal/cglib/core/$ReflectUtils$4.class
com/google/inject/internal/cglib/core/$ReflectUtils.class
com/google/inject/internal/cglib/core/$RejectModifierPredicate.class
com/google/inject/internal/cglib/core/$Signature.class
com/google/inject/internal/cglib/core/$Transformer.class
com/google/inject/internal/cglib/core/$TypeUtils.class
com/google/inject/internal/cglib/core/$VisibilityPredicate.class
com/google/inject/internal/cglib/proxy/
com/google/inject/internal/cglib/proxy/$BridgeMethodResolver$BridgedFinder$1.class
com/google/inject/internal/cglib/proxy/$BridgeMethodResolver$BridgedFinder.class
com/google/inject/internal/cglib/proxy/$BridgeMethodResolver.class
com/google/inject/internal/cglib/proxy/$Callback.class
com/google/inject/internal/cglib/proxy/$CallbackFilter.class
com/google/inject/internal/cglib/proxy/$CallbackGenerator.class
com/google/inject/internal/cglib/proxy/$CallbackGenerator$Context.class
com/google/inject/internal/cglib/proxy/$CallbackInfo.class
com/google/inject/internal/cglib/proxy/$Dispatcher.class
com/google/inject/internal/cglib/proxy/$DispatcherGenerator.class
com/google/inject/internal/cglib/proxy/$Enhancer$1.class
com/google/inject/internal/cglib/proxy/$Enhancer$2.class
com/google/inject/internal/cglib/proxy/$Enhancer$3.class
com/google/inject/internal/cglib/proxy/$Enhancer$4.class
com/google/inject/internal/cglib/proxy/$Enhancer$5.class
com/google/inject/internal/cglib/proxy/$Enhancer$6.class
com/google/inject/internal/cglib/proxy/$Enhancer.class
com/google/inject/internal/cglib/proxy/$Enhancer$EnhancerKey.class
com/google/inject/internal/cglib/proxy/$Factory.class
com/google/inject/internal/cglib/proxy/$FixedValue.class
com/google/inject/internal/cglib/proxy/$FixedValueGenerator.class
com/google/inject/internal/cglib/proxy/$InvocationHandler.class
com/google/inject/internal/cglib/proxy/$InvocationHandlerGenerator.class
com/google/inject/internal/cglib/proxy/$LazyLoader.class
com/google/inject/internal/cglib/proxy/$LazyLoaderGenerator.class
com/google/inject/internal/cglib/proxy/$MethodInterceptor.class
com/google/inject/internal/cglib/proxy/$MethodInterceptorGenerator$1.class
com/google/inject/internal/cglib/proxy/$MethodInterceptorGenerator$2.class
com/google/inject/internal/cglib/proxy/$MethodInterceptorGenerator.class
com/google/inject/internal/cglib/proxy/$MethodProxy$1.class
com/google/inject/internal/cglib/proxy/$MethodProxy.class
com/google/inject/internal/cglib/proxy/$MethodProxy$CreateInfo.class
com/google/inject/internal/cglib/proxy/$MethodProxy$FastClassInfo.class
com/google/inject/internal/cglib/proxy/$NoOp$1.class
com/google/inject/internal/cglib/proxy/$NoOp.class
com/google/inject/internal/cglib/proxy/$NoOpGenerator.class
com/google/inject/internal/cglib/proxy/$ProxyRefDispatcher.class
com/google/inject/internal/cglib/proxy/$UndeclaredThrowableException.class
com/google/inject/internal/cglib/reflect/
com/google/inject/internal/cglib/reflect/$FastClass.class
com/google/inject/internal/cglib/reflect/$FastClassEmitter$1.class
com/google/inject/internal/cglib/reflect/$FastClassEmitter$2.class
com/google/inject/internal/cglib/reflect/$FastClassEmitter$3.class
com/google/inject/internal/cglib/reflect/$FastClassEmitter$4.class
com/google/inject/internal/cglib/reflect/$FastClassEmitter.class
com/google/inject/internal/cglib/reflect/$FastClassEmitter$GetIndexCallback.class
com/google/inject/internal/cglib/reflect/$FastClass$Generator.class
com/google/inject/internal/cglib/reflect/$FastConstructor.class
com/google/inject/internal/cglib/reflect/$FastMember.class
com/google/inject/internal/cglib/reflect/$FastMethod.class
com/google/inject/internal/cglib/transform/
com/google/inject/internal/cglib/transform/$ClassTransformer.class
com/google/inject/internal/CircularDependencyProxy.class
com/google/inject/internal/ConstantBindingBuilderImpl.class
com/google/inject/internal/ConstantFactory.class
com/google/inject/internal/ConstructionContext.class
com/google/inject/internal/ConstructionProxy.class
com/google/inject/internal/ConstructionProxyFactory.class
com/google/inject/internal/ConstructorBindingImpl.class
com/google/inject/internal/ConstructorBindingImpl$Factory.class
com/google/inject/internal/ConstructorInjector$1.class
com/google/inject/internal/ConstructorInjector.class
com/google/inject/internal/ConstructorInjectorStore$1.class
com/google/inject/internal/ConstructorInjectorStore.class
com/google/inject/internal/ContextualCallable.class
com/google/inject/internal/CreationListener.class
com/google/inject/internal/CycleDetectingLock.class
com/google/inject/internal/CycleDetectingLock$CycleDetectingLockFactory.class
com/google/inject/internal/CycleDetectingLock$CycleDetectingLockFactory$ReentrantCycleDetectingLock$1.class
com/google/inject/internal/CycleDetectingLock$CycleDetectingLockFactory$ReentrantCycleDetectingLock.class
com/google/inject/internal/DefaultConstructionProxyFactory$1.class
com/google/inject/internal/DefaultConstructionProxyFactory$2.class
com/google/inject/internal/DefaultConstructionProxyFactory.class
com/google/inject/internal/DeferredLookups.class
com/google/inject/internal/DelayedInitialize.class
com/google/inject/internal/DelegatingInvocationHandler.class
com/google/inject/internal/EncounterImpl.class
com/google/inject/internal/ErrorHandler.class
com/google/inject/internal/Errors$1.class
com/google/inject/internal/Errors$2.class
com/google/inject/internal/Errors$3.class
com/google/inject/internal/Errors$4.class
com/google/inject/internal/Errors$5.class
com/google/inject/internal/Errors.class
com/google/inject/internal/Errors$Converter.class
com/google/inject/internal/ErrorsException.class
com/google/inject/internal/Exceptions.class
com/google/inject/internal/Exceptions$UnhandledCheckedUserException.class
com/google/inject/internal/ExposedBindingImpl.class
com/google/inject/internal/ExposedKeyFactory.class
com/google/inject/internal/ExposureBuilder.class
com/google/inject/internal/FactoryProxy.class
com/google/inject/internal/FailableCache$1.class
com/google/inject/internal/FailableCache.class
com/google/inject/internal/InheritingState.class
com/google/inject/internal/Initializable.class
com/google/inject/internal/Initializables$1.class
com/google/inject/internal/Initializables.class
com/google/inject/internal/Initializer.class
com/google/inject/internal/Initializer$InjectableReference.class
com/google/inject/internal/InjectionRequestProcessor.class
com/google/inject/internal/InjectionRequestProcessor$StaticInjection$1.class
com/google/inject/internal/InjectionRequestProcessor$StaticInjection.class
com/google/inject/internal/InjectorImpl$1.class
com/google/inject/internal/InjectorImpl$2$1.class
com/google/inject/internal/InjectorImpl$2.class
com/google/inject/internal/InjectorImpl$BindingsMultimap.class
com/google/inject/internal/InjectorImpl.class
com/google/inject/internal/InjectorImpl$ConvertedConstantBindingImpl.class
com/google/inject/internal/InjectorImpl$InjectorOptions.class
com/google/inject/internal/InjectorImpl$JitLimitation.class
com/google/inject/internal/InjectorImpl$MethodInvoker.class
com/google/inject/internal/InjectorImpl$ProviderBindingImpl$1.class
com/google/inject/internal/InjectorImpl$ProviderBindingImpl.class
com/google/inject/internal/InjectorOptionsProcessor.class
com/google/inject/internal/InjectorShell$1.class
com/google/inject/internal/InjectorShell$Builder.class
com/google/inject/internal/InjectorShell.class
com/google/inject/internal/InjectorShell$InheritedScannersModule.class
com/google/inject/internal/InjectorShell$InjectorFactory.class
com/google/inject/internal/InjectorShell$LoggerFactory.class
com/google/inject/internal/InjectorShell$RootModule.class
com/google/inject/internal/InstanceBindingImpl.class
com/google/inject/internal/InterceptorBindingProcessor.class
com/google/inject/internal/InterceptorStackCallback.class
com/google/inject/internal/InterceptorStackCallback$InterceptedMethodInvocation.class
com/google/inject/internal/InternalContext$1.class
com/google/inject/internal/InternalContext.class
com/google/inject/internal/InternalContext$DependencyStack.class
com/google/inject/internal/InternalFactory.class
com/google/inject/internal/InternalFactoryToInitializableAdapter.class
com/google/inject/internal/InternalFactoryToProviderAdapter.class
com/google/inject/internal/InternalFlags$1.class
com/google/inject/internal/InternalFlags.class
com/google/inject/internal/InternalFlags$CustomClassLoadingOption.class
com/google/inject/internal/InternalFlags$IncludeStackTraceOption.class
com/google/inject/internal/InternalFlags$NullableProvidesOption.class
com/google/inject/internal/InternalInjectorCreator$1.class
com/google/inject/internal/InternalInjectorCreator.class
com/google/inject/internal/InternalInjectorCreator$ToolStageInjector.class
com/google/inject/internal/LinkedBindingImpl.class
com/google/inject/internal/LinkedProviderBindingImpl.class
com/google/inject/internal/ListenerBindingProcessor.class
com/google/inject/internal/LookupProcessor.class
com/google/inject/internal/Lookups.class
com/google/inject/internal/MembersInjectorImpl$1$1.class
com/google/inject/internal/MembersInjectorImpl$1.class
com/google/inject/internal/MembersInjectorImpl.class
com/google/inject/internal/MembersInjectorStore$1.class
com/google/inject/internal/MembersInjectorStore.class
com/google/inject/internal/MessageProcessor.class
com/google/inject/internal/MethodAspect.class
com/google/inject/internal/ModuleAnnotatedMethodScannerProcessor.class
com/google/inject/internal/MoreTypes.class
com/google/inject/internal/MoreTypes$CompositeType.class
com/google/inject/internal/MoreTypes$GenericArrayTypeImpl.class
com/google/inject/internal/MoreTypes$ParameterizedTypeImpl.class
com/google/inject/internal/MoreTypes$WildcardTypeImpl.class
com/google/inject/internal/Nullability.class
com/google/inject/internal/PrivateElementProcessor.class
com/google/inject/internal/PrivateElementsImpl.class
com/google/inject/internal/ProcessedBindingData.class
com/google/inject/internal/ProvidedByInternalFactory.class
com/google/inject/internal/ProviderInstanceBindingImpl.class
com/google/inject/internal/ProviderInternalFactory$1.class
com/google/inject/internal/ProviderInternalFactory.class
com/google/inject/internal/ProviderMethod$1.class
com/google/inject/internal/ProviderMethod.class
com/google/inject/internal/ProviderMethod$FastClassProviderMethod.class
com/google/inject/internal/ProviderMethod$ReflectionProviderMethod.class
com/google/inject/internal/ProviderMethodsModule$1.class
com/google/inject/internal/ProviderMethodsModule.class
com/google/inject/internal/ProviderMethodsModule$Signature.class
com/google/inject/internal/ProviderToInternalFactoryAdapter$1.class
com/google/inject/internal/ProviderToInternalFactoryAdapter.class
com/google/inject/internal/ProvisionListenerCallbackStore$1.class
com/google/inject/internal/ProvisionListenerCallbackStore.class
com/google/inject/internal/ProvisionListenerCallbackStore$KeyBinding.class
com/google/inject/internal/ProvisionListenerStackCallback.class
com/google/inject/internal/ProvisionListenerStackCallback$ProvisionCallback.class
com/google/inject/internal/ProvisionListenerStackCallback$Provision.class
com/google/inject/internal/ProxyFactory.class
com/google/inject/internal/ProxyFactory$IndicesCallbackFilter.class
com/google/inject/internal/ProxyFactory$MethodInterceptorsPair.class
com/google/inject/internal/ProxyFactory$ProxyConstructor.class
com/google/inject/internal/ScopeBindingProcessor.class
com/google/inject/internal/Scoping$1.class
com/google/inject/internal/Scoping$2.class
com/google/inject/internal/Scoping$3.class
com/google/inject/internal/Scoping$4.class
com/google/inject/internal/Scoping$5.class
com/google/inject/internal/Scoping$6.class
com/google/inject/internal/Scoping.class
com/google/inject/internal/SingleFieldInjector.class
com/google/inject/internal/SingleMemberInjector.class
com/google/inject/internal/SingleMethodInjector$1.class
com/google/inject/internal/SingleMethodInjector$2.class
com/google/inject/internal/SingleMethodInjector.class
com/google/inject/internal/SingleParameterInjector.class
com/google/inject/internal/SingletonScope$1.class
com/google/inject/internal/SingletonScope.class
com/google/inject/internal/State$1.class
com/google/inject/internal/State.class
com/google/inject/internal/TypeConverterBindingProcessor$1.class
com/google/inject/internal/TypeConverterBindingProcessor$2.class
com/google/inject/internal/TypeConverterBindingProcessor$3.class
com/google/inject/internal/TypeConverterBindingProcessor$4.class
com/google/inject/internal/TypeConverterBindingProcessor$5.class
com/google/inject/internal/TypeConverterBindingProcessor$6.class
com/google/inject/internal/TypeConverterBindingProcessor.class
com/google/inject/internal/UniqueAnnotations$1.class
com/google/inject/internal/UniqueAnnotations.class
com/google/inject/internal/UniqueAnnotations$Internal.class
com/google/inject/internal/UntargettedBindingImpl$1.class
com/google/inject/internal/UntargettedBindingImpl.class
com/google/inject/internal/UntargettedBindingProcessor$1.class
com/google/inject/internal/UntargettedBindingProcessor.class
com/google/inject/internal/util/
com/google/inject/internal/util/Classes.class
com/google/inject/internal/util/LineNumbers.class
com/google/inject/internal/util/LineNumbers$LineNumberReader.class
com/google/inject/internal/util/LineNumbers$LineNumberReader$LineNumberAnnotationVisitor.class
com/google/inject/internal/util/LineNumbers$LineNumberReader$LineNumberMethodVisitor.class
com/google/inject/internal/util/SourceProvider.class
com/google/inject/internal/util/StackTraceElements$1.class
com/google/inject/internal/util/StackTraceElements.class
com/google/inject/internal/util/StackTraceElements$InMemoryStackTraceElement.class
com/google/inject/internal/util/Stopwatch.class
com/google/inject/internal/WeakKeySet$1.class
com/google/inject/internal/WeakKeySet.class
com/google/inject/internal/WeakKeySet$KeyAndSource.class
com/google/inject/Key$1.class
com/google/inject/Key$AnnotationInstanceStrategy.class
com/google/inject/Key$AnnotationStrategy.class
com/google/inject/Key$AnnotationTypeStrategy.class
com/google/inject/Key.class
com/google/inject/Key$NullAnnotationStrategy.class
com/google/inject/matcher/
com/google/inject/matcher/AbstractMatcher$AndMatcher.class
com/google/inject/matcher/AbstractMatcher.class
com/google/inject/matcher/AbstractMatcher$OrMatcher.class
com/google/inject/matcher/Matcher.class
com/google/inject/matcher/Matchers$1.class
com/google/inject/matcher/Matchers$AnnotatedWith.class
com/google/inject/matcher/Matchers$AnnotatedWithType.class
com/google/inject/matcher/Matchers$Any.class
com/google/inject/matcher/Matchers.class
com/google/inject/matcher/Matchers$IdenticalTo.class
com/google/inject/matcher/Matchers$InPackage.class
com/google/inject/matcher/Matchers$InSubpackage.class
com/google/inject/matcher/Matchers$Not.class
com/google/inject/matcher/Matchers$Only.class
com/google/inject/matcher/Matchers$Returns.class
com/google/inject/matcher/Matchers$SubclassesOf.class
com/google/inject/MembersInjector.class
com/google/inject/Module.class
com/google/inject/name/
com/google/inject/name/Named.class
com/google/inject/name/NamedImpl.class
com/google/inject/name/Names.class
com/google/inject/OutOfScopeException.class
com/google/inject/PrivateBinder.class
com/google/inject/PrivateModule.class
com/google/inject/ProvidedBy.class
com/google/inject/Provider.class
com/google/inject/Provides.class
com/google/inject/ProvisionException.class
com/google/inject/ScopeAnnotation.class
com/google/inject/Scope.class
com/google/inject/Scopes$1.class
com/google/inject/Scopes$2.class
com/google/inject/Scopes$3.class
com/google/inject/Scopes.class
com/google/inject/Singleton.class
com/google/inject/spi/
com/google/inject/spi/BindingScopingVisitor.class
com/google/inject/spi/BindingTargetVisitor.class
com/google/inject/spi/ConstructorBinding.class
com/google/inject/spi/ConvertedConstantBinding.class
com/google/inject/spi/DefaultBindingScopingVisitor.class
com/google/inject/spi/DefaultBindingTargetVisitor.class
com/google/inject/spi/DefaultElementVisitor.class
com/google/inject/spi/DependencyAndSource.class
com/google/inject/spi/Dependency.class
com/google/inject/spi/DisableCircularProxiesOption.class
com/google/inject/spi/Element.class
com/google/inject/spi/Elements$1.class
com/google/inject/spi/Elements.class
com/google/inject/spi/Elements$ElementsAsModule.class
com/google/inject/spi/Elements$ModuleInfo.class
com/google/inject/spi/ElementSource.class
com/google/inject/spi/Elements$RecordingBinder$1.class
com/google/inject/spi/Elements$RecordingBinder.class
com/google/inject/spi/ElementVisitor.class
com/google/inject/spi/ExposedBinding.class
com/google/inject/spi/HasDependencies.class
com/google/inject/spi/InjectionListener.class
com/google/inject/spi/InjectionPoint.class
com/google/inject/spi/InjectionPoint$InjectableField.class
com/google/inject/spi/InjectionPoint$InjectableMember.class
com/google/inject/spi/InjectionPoint$InjectableMembers.class
com/google/inject/spi/InjectionPoint$InjectableMethod.class
com/google/inject/spi/InjectionPoint$OverrideIndex.class
com/google/inject/spi/InjectionPoint$Position.class
com/google/inject/spi/InjectionPoint$Signature.class
com/google/inject/spi/InjectionRequest.class
com/google/inject/spi/InstanceBinding.class
com/google/inject/spi/InterceptorBinding.class
com/google/inject/spi/LinkedKeyBinding.class
com/google/inject/spi/MembersInjectorLookup$1.class
com/google/inject/spi/MembersInjectorLookup.class
com/google/inject/spi/Message.class
com/google/inject/spi/ModuleAnnotatedMethodScannerBinding.class
com/google/inject/spi/ModuleAnnotatedMethodScanner.class
com/google/inject/spi/ModuleSource.class
com/google/inject/spi/PrivateElements.class
com/google/inject/spi/ProviderBinding.class
com/google/inject/spi/ProviderInstanceBinding.class
com/google/inject/spi/ProviderKeyBinding.class
com/google/inject/spi/ProviderLookup$1.class
com/google/inject/spi/ProviderLookup.class
com/google/inject/spi/ProviderWithDependencies.class
com/google/inject/spi/ProviderWithExtensionVisitor.class
com/google/inject/spi/ProvidesMethodBinding.class
com/google/inject/spi/ProvidesMethodTargetVisitor.class
com/google/inject/spi/ProvisionListenerBinding.class
com/google/inject/spi/ProvisionListener.class
com/google/inject/spi/ProvisionListener$ProvisionInvocation.class
com/google/inject/spi/RequireAtInjectOnConstructorsOption.class
com/google/inject/spi/RequireExactBindingAnnotationsOption.class
com/google/inject/spi/RequireExplicitBindingsOption.class
com/google/inject/spi/ScopeBinding.class
com/google/inject/spi/StaticInjectionRequest.class
com/google/inject/spi/Toolable.class
com/google/inject/spi/TypeConverterBinding.class
com/google/inject/spi/TypeConverter.class
com/google/inject/spi/TypeEncounter.class
com/google/inject/spi/TypeListenerBinding.class
com/google/inject/spi/TypeListener.class
com/google/inject/spi/UntargettedBinding.class
com/google/inject/Stage.class
com/google/inject/TypeLiteral.class
com/google/inject/util/
com/google/inject/util/Modules$1.class
com/google/inject/util/Modules$2.class
com/google/inject/util/Modules.class
com/google/inject/util/Modules$CombinedModule.class
com/google/inject/util/Modules$EmptyModule.class
com/google/inject/util/Modules$ModuleWriter.class
com/google/inject/util/Modules$OverriddenModuleBuilder.class
com/google/inject/util/Modules$OverrideModule$1.class
com/google/inject/util/Modules$OverrideModule$2.class
com/google/inject/util/Modules$OverrideModule$3.class
com/google/inject/util/Modules$OverrideModule$4.class
com/google/inject/util/Modules$OverrideModule.class
com/google/inject/util/Modules$RealOverriddenModuleBuilder.class
com/google/inject/util/Providers$1.class
com/google/inject/util/Providers.class
com/google/inject/util/Providers$ConstantProvider.class
com/google/inject/util/Providers$GuicifiedProvider.class
com/google/inject/util/Providers$GuicifiedProviderWithDependencies.class
com/google/inject/util/Types.class
javax/
javax/inject/
javax/inject/Inject.class
javax/inject/Named.class
javax/inject/Provider.class
javax/inject/Qualifier.class
javax/inject/Scope.class
javax/inject/Singleton.class
junit/
junit/extensions/
junit/extensions/ActiveTestSuite$1.class
junit/extensions/ActiveTestSuite.class
junit/extensions/RepeatedTest.class
junit/extensions/TestDecorator.class
junit/extensions/TestSetup$1.class
junit/extensions/TestSetup.class
junit/framework/
junit/framework/Assert.class
junit/framework/AssertionFailedError.class
junit/framework/ComparisonCompactor.class
junit/framework/ComparisonFailure.class
junit/framework/JUnit4TestAdapterCache$1.class
junit/framework/JUnit4TestAdapterCache.class
junit/framework/JUnit4TestAdapter.class
junit/framework/JUnit4TestCaseFacade.class
junit/framework/Protectable.class
junit/framework/TestCase.class
junit/framework/Test.class
junit/framework/TestFailure.class
junit/framework/TestListener.class
junit/framework/TestResult$1.class
junit/framework/TestResult.class
junit/framework/TestSuite$1.class
junit/framework/TestSuite.class
junit/runner/
junit/runner/BaseTestRunner.class
junit/runner/logo.gif
junit/runner/smalllogo.gif
junit/runner/TestRunListener.class
junit/runner/Version.class
junit/textui/
junit/textui/ResultPrinter.class
junit/textui/TestRunner.class
LICENSE
LICENSE-junit.txt
LICENSE.txt
META-INF/
META-INF/DEPENDENCIES
META-INF/LICENSE
META-INF/MANIFEST.MF
META-INF/NOTICE
NOTICE
org/
org/aopalliance/
org/aopalliance/aop/
org/aopalliance/aop/Advice.class
org/aopalliance/aop/AspectException.class
org/aopalliance/intercept/
org/aopalliance/intercept/ConstructorInterceptor.class
org/aopalliance/intercept/ConstructorInvocation.class
org/aopalliance/intercept/Interceptor.class
org/aopalliance/intercept/Invocation.class
org/aopalliance/intercept/Joinpoint.class
org/aopalliance/intercept/MethodInterceptor.class
org/aopalliance/intercept/MethodInvocation.class
org/hamcrest/
org/hamcrest/BaseDescription.class
org/hamcrest/BaseMatcher.class
org/hamcrest/beans/
org/hamcrest/beans/HasProperty.class
org/hamcrest/beans/HasPropertyWithValue$1.class
org/hamcrest/beans/HasPropertyWithValue$2.class
org/hamcrest/beans/HasPropertyWithValue.class
org/hamcrest/beans/PropertyUtil.class
org/hamcrest/beans/SamePropertyValuesAs.class
org/hamcrest/beans/SamePropertyValuesAs$PropertyMatcher.class
org/hamcrest/collection/
org/hamcrest/collection/IsArray.class
org/hamcrest/collection/IsArrayContaining.class
org/hamcrest/collection/IsArrayContainingInAnyOrder.class
org/hamcrest/collection/IsArrayContainingInOrder.class
org/hamcrest/collection/IsArrayWithSize.class
org/hamcrest/collection/IsCollectionWithSize.class
org/hamcrest/collection/IsEmptyCollection.class
org/hamcrest/collection/IsEmptyIterable.class
org/hamcrest/collection/IsIn.class
org/hamcrest/collection/IsIterableContainingInAnyOrder.class
org/hamcrest/collection/IsIterableContainingInAnyOrder$Matching.class
org/hamcrest/collection/IsIterableContainingInOrder.class
org/hamcrest/collection/IsIterableContainingInOrder$MatchSeries.class
org/hamcrest/collection/IsIterableContainingInRelativeOrder.class
org/hamcrest/collection/IsIterableContainingInRelativeOrder$MatchSeriesInRelativeOrder.class
org/hamcrest/collection/IsIterableWithSize.class
org/hamcrest/collection/IsMapContaining.class
org/hamcrest/collection/IsMapWithSize.class
org/hamcrest/comparator/
org/hamcrest/comparator/ComparatorMatcherBuilder$1.class
org/hamcrest/comparator/ComparatorMatcherBuilder.class
org/hamcrest/comparator/ComparatorMatcherBuilder$ComparatorMatcher.class
org/hamcrest/Condition$1.class
org/hamcrest/Condition.class
org/hamcrest/Condition$Matched.class
org/hamcrest/Condition$NotMatched.class
org/hamcrest/Condition$Step.class
org/hamcrest/core/
org/hamcrest/core/AllOf.class
org/hamcrest/core/AnyOf.class
org/hamcrest/core/CombinableMatcher.class
org/hamcrest/core/CombinableMatcher$CombinableBothMatcher.class
org/hamcrest/core/CombinableMatcher$CombinableEitherMatcher.class
org/hamcrest/core/DescribedAs.class
org/hamcrest/core/Every.class
org/hamcrest/core/IsAnything.class
org/hamcrest/core/Is.class
org/hamcrest/core/IsCollectionContaining.class
org/hamcrest/core/IsEqual.class
org/hamcrest/core/IsInstanceOf.class
org/hamcrest/core/IsNot.class
org/hamcrest/core/IsNull.class
org/hamcrest/core/IsSame.class
org/hamcrest/CoreMatchers.class
org/hamcrest/core/ShortcutCombination.class
org/hamcrest/core/StringContains.class
org/hamcrest/core/StringEndsWith.class
org/hamcrest/core/StringStartsWith.class
org/hamcrest/core/SubstringMatcher.class
org/hamcrest/CustomMatcher.class
org/hamcrest/CustomTypeSafeMatcher.class
org/hamcrest/Description.class
org/hamcrest/Description$NullDescription.class
org/hamcrest/DiagnosingMatcher.class
org/hamcrest/Factory.class
org/hamcrest/FeatureMatcher.class
org/hamcrest/internal/
org/hamcrest/internal/ArrayIterator.class
org/hamcrest/internal/NullSafety.class
org/hamcrest/internal/ReflectiveTypeFinder.class
org/hamcrest/internal/SelfDescribingValue.class
org/hamcrest/internal/SelfDescribingValueIterator.class
org/hamcrest/io/
org/hamcrest/io/FileMatchers$10.class
org/hamcrest/io/FileMatchers$1.class
org/hamcrest/io/FileMatchers$2.class
org/hamcrest/io/FileMatchers$3.class
org/hamcrest/io/FileMatchers$4.class
org/hamcrest/io/FileMatchers$5.class
org/hamcrest/io/FileMatchers$6.class
org/hamcrest/io/FileMatchers$7.class
org/hamcrest/io/FileMatchers$8.class
org/hamcrest/io/FileMatchers$9.class
org/hamcrest/io/FileMatchers.class
org/hamcrest/io/FileMatchers$FileStatus.class
org/hamcrest/MatcherAssert.class
org/hamcrest/Matcher.class
org/hamcrest/Matchers.class
org/hamcrest/number/
org/hamcrest/number/BigDecimalCloseTo.class
org/hamcrest/number/IsCloseTo.class
org/hamcrest/number/IsNaN.class
org/hamcrest/number/OrderingComparison.class
org/hamcrest/object/
org/hamcrest/object/HasToString.class
org/hamcrest/object/IsCompatibleType.class
org/hamcrest/object/IsEventFrom.class
org/hamcrest/SelfDescribing.class
org/hamcrest/StringDescription.class
org/hamcrest/text/
org/hamcrest/text/IsBlankString.class
org/hamcrest/text/IsEmptyString.class
org/hamcrest/text/IsEqualIgnoringCase.class
org/hamcrest/text/IsEqualIgnoringWhiteSpace.class
org/hamcrest/text/MatchesPattern.class
org/hamcrest/text/StringContainsInOrder.class
org/hamcrest/TypeSafeDiagnosingMatcher.class
org/hamcrest/TypeSafeMatcher.class
org/hamcrest/xml/
org/hamcrest/xml/HasXPath$1.class
org/hamcrest/xml/HasXPath.class
org/junit/
org/junit/After.class
org/junit/AfterClass.class
org/junit/Assert.class
org/junit/Assume.class
org/junit/AssumptionViolatedException.class
org/junit/Before.class
org/junit/BeforeClass.class
org/junit/ClassRule.class
org/junit/ComparisonFailure$1.class
org/junit/ComparisonFailure.class
org/junit/ComparisonFailure$ComparisonCompactor.class
org/junit/ComparisonFailure$ComparisonCompactor$DiffExtractor.class
org/junit/experimental/
org/junit/experimental/categories/
org/junit/experimental/categories/Categories$CategoryFilter.class
org/junit/experimental/categories/Categories.class
org/junit/experimental/categories/Categories$ExcludeCategory.class
org/junit/experimental/categories/Categories$IncludeCategory.class
org/junit/experimental/categories/Category.class
org/junit/experimental/categories/CategoryFilterFactory.class
org/junit/experimental/categories/CategoryValidator.class
org/junit/experimental/categories/ExcludeCategories.class
org/junit/experimental/categories/ExcludeCategories$ExcludesAny.class
org/junit/experimental/categories/IncludeCategories.class
org/junit/experimental/categories/IncludeCategories$IncludesAny.class
org/junit/experimental/max/
org/junit/experimental/max/CouldNotReadCoreException.class
org/junit/experimental/max/MaxCore$1$1.class
org/junit/experimental/max/MaxCore$1.class
org/junit/experimental/max/MaxCore.class
org/junit/experimental/max/MaxHistory$1.class
org/junit/experimental/max/MaxHistory.class
org/junit/experimental/max/MaxHistory$RememberingListener.class
org/junit/experimental/max/MaxHistory$TestComparator.class
org/junit/experimental/ParallelComputer$1.class
org/junit/experimental/ParallelComputer.class
org/junit/experimental/results/
org/junit/experimental/results/FailureList.class
org/junit/experimental/results/PrintableResult.class
org/junit/experimental/results/ResultMatchers$1.class
org/junit/experimental/results/ResultMatchers$2.class
org/junit/experimental/results/ResultMatchers$3.class
org/junit/experimental/results/ResultMatchers.class
org/junit/experimental/runners/
org/junit/experimental/runners/Enclosed.class
org/junit/experimental/theories/
org/junit/experimental/theories/DataPoint.class
org/junit/experimental/theories/DataPoints.class
org/junit/experimental/theories/FromDataPoints.class
org/junit/experimental/theories/internal/
org/junit/experimental/theories/internal/AllMembersSupplier$1.class
org/junit/experimental/theories/internal/AllMembersSupplier.class
org/junit/experimental/theories/internal/AllMembersSupplier$MethodParameterValue.class
org/junit/experimental/theories/internal/Assignments.class
org/junit/experimental/theories/internal/BooleanSupplier.class
org/junit/experimental/theories/internal/EnumSupplier.class
org/junit/experimental/theories/internal/ParameterizedAssertionError.class
org/junit/experimental/theories/internal/SpecificDataPointsSupplier.class
org/junit/experimental/theories/ParameterSignature.class
org/junit/experimental/theories/ParametersSuppliedBy.class
org/junit/experimental/theories/ParameterSupplier.class
org/junit/experimental/theories/PotentialAssignment$1.class
org/junit/experimental/theories/PotentialAssignment.class
org/junit/experimental/theories/PotentialAssignment$CouldNotGenerateValueException.class
org/junit/experimental/theories/suppliers/
org/junit/experimental/theories/suppliers/TestedOn.class
org/junit/experimental/theories/suppliers/TestedOnSupplier.class
org/junit/experimental/theories/Theories.class
org/junit/experimental/theories/Theories$TheoryAnchor$1$1.class
org/junit/experimental/theories/Theories$TheoryAnchor$1.class
org/junit/experimental/theories/Theories$TheoryAnchor$2.class
org/junit/experimental/theories/Theories$TheoryAnchor.class
org/junit/experimental/theories/Theory.class
org/junit/FixMethodOrder.class
org/junit/Ignore.class
org/junit/internal/
org/junit/internal/ArrayComparisonFailure.class
org/junit/internal/AssumptionViolatedException.class
org/junit/internal/builders/
org/junit/internal/builders/AllDefaultPossibilitiesBuilder.class
org/junit/internal/builders/AnnotatedBuilder.class
org/junit/internal/builders/IgnoredBuilder.class
org/junit/internal/builders/IgnoredClassRunner.class
org/junit/internal/builders/JUnit3Builder.class
org/junit/internal/builders/JUnit4Builder.class
org/junit/internal/builders/NullBuilder.class
org/junit/internal/builders/SuiteMethodBuilder.class
org/junit/internal/Classes.class
org/junit/internal/ComparisonCriteria.class
org/junit/internal/ExactComparisonCriteria.class
org/junit/internal/InexactComparisonCriteria.class
org/junit/internal/JUnitSystem.class
org/junit/internal/matchers/
org/junit/internal/matchers/StacktracePrintingMatcher.class
org/junit/internal/matchers/ThrowableCauseMatcher.class
org/junit/internal/matchers/ThrowableMessageMatcher.class
org/junit/internal/matchers/TypeSafeMatcher.class
org/junit/internal/MethodSorter$1.class
org/junit/internal/MethodSorter$2.class
org/junit/internal/MethodSorter.class
org/junit/internal/RealSystem.class
org/junit/internal/requests/
org/junit/internal/requests/ClassRequest.class
org/junit/internal/requests/FilterRequest.class
org/junit/internal/requests/SortingRequest.class
org/junit/internal/runners/
org/junit/internal/runners/ClassRoadie.class
org/junit/internal/runners/ErrorReportingRunner.class
org/junit/internal/runners/FailedBefore.class
org/junit/internal/runners/InitializationError.class
org/junit/internal/runners/JUnit38ClassRunner$1.class
org/junit/internal/runners/JUnit38ClassRunner.class
org/junit/internal/runners/JUnit38ClassRunner$OldTestClassAdaptingListener.class
org/junit/internal/runners/JUnit4ClassRunner$1.class
org/junit/internal/runners/JUnit4ClassRunner$2.class
org/junit/internal/runners/JUnit4ClassRunner.class
org/junit/internal/runners/MethodRoadie$1$1.class
org/junit/internal/runners/MethodRoadie$1.class
org/junit/internal/runners/MethodRoadie$2.class
org/junit/internal/runners/MethodRoadie.class
org/junit/internal/runners/MethodValidator.class
org/junit/internal/runners/model/
org/junit/internal/runners/model/EachTestNotifier.class
org/junit/internal/runners/model/MultipleFailureException.class
org/junit/internal/runners/model/ReflectiveCallable.class
org/junit/internal/runners/rules/
org/junit/internal/runners/rules/RuleMemberValidator$1.class
org/junit/internal/runners/rules/RuleMemberValidator$Builder.class
org/junit/internal/runners/rules/RuleMemberValidator.class
org/junit/internal/runners/rules/RuleMemberValidator$DeclaringClassMustBePublic.class
org/junit/internal/runners/rules/RuleMemberValidator$FieldMustBeARule.class
org/junit/internal/runners/rules/RuleMemberValidator$FieldMustBeATestRule.class
org/junit/internal/runners/rules/RuleMemberValidator$MemberMustBeNonStaticOrAlsoClassRule.class
org/junit/internal/runners/rules/RuleMemberValidator$MemberMustBePublic.class
org/junit/internal/runners/rules/RuleMemberValidator$MemberMustBeStatic.class
org/junit/internal/runners/rules/RuleMemberValidator$MethodMustBeARule.class
org/junit/internal/runners/rules/RuleMemberValidator$MethodMustBeATestRule.class
org/junit/internal/runners/rules/RuleMemberValidator$RuleValidator.class
org/junit/internal/runners/rules/ValidationError.class
org/junit/internal/runners/statements/
org/junit/internal/runners/statements/ExpectException.class
org/junit/internal/runners/statements/Fail.class
org/junit/internal/runners/statements/FailOnTimeout$1.class
org/junit/internal/runners/statements/FailOnTimeout$Builder.class
org/junit/internal/runners/statements/FailOnTimeout$CallableStatement.class
org/junit/internal/runners/statements/FailOnTimeout.class
org/junit/internal/runners/statements/InvokeMethod.class
org/junit/internal/runners/statements/RunAfters.class
org/junit/internal/runners/statements/RunBefores.class
org/junit/internal/runners/SuiteMethod.class
org/junit/internal/runners/TestClass.class
org/junit/internal/runners/TestMethod.class
org/junit/internal/TextListener.class
org/junit/internal/Throwables.class
org/junit/matchers/
org/junit/matchers/JUnitMatchers.class
org/junit/Rule.class
org/junit/rules/
org/junit/rules/DisableOnDebug.class
org/junit/rules/ErrorCollector$1.class
org/junit/rules/ErrorCollector.class
org/junit/rules/ExpectedException.class
org/junit/rules/ExpectedException$ExpectedExceptionStatement.class
org/junit/rules/ExpectedExceptionMatcherBuilder.class
org/junit/rules/ExternalResource$1.class
org/junit/rules/ExternalResource.class
org/junit/rules/MethodRule.class
org/junit/rules/RuleChain.class
org/junit/rules/RunRules.class
org/junit/rules/Stopwatch$1.class
org/junit/rules/Stopwatch.class
org/junit/rules/Stopwatch$Clock.class
org/junit/rules/Stopwatch$InternalWatcher.class
org/junit/rules/TemporaryFolder.class
org/junit/rules/TestName.class
org/junit/rules/TestRule.class
org/junit/rules/TestWatcher$1.class
org/junit/rules/TestWatcher.class
org/junit/rules/TestWatchman$1.class
org/junit/rules/TestWatchman.class
org/junit/rules/Timeout$1.class
org/junit/rules/Timeout$Builder.class
org/junit/rules/Timeout.class
org/junit/rules/Verifier$1.class
org/junit/rules/Verifier.class
org/junit/runner/
org/junit/runner/Computer$1.class
org/junit/runner/Computer.class
org/junit/runner/Describable.class
org/junit/runner/Description.class
org/junit/runner/FilterFactories.class
org/junit/runner/FilterFactory.class
org/junit/runner/FilterFactory$FilterNotCreatedException.class
org/junit/runner/FilterFactoryParams.class
org/junit/runner/JUnitCommandLineParseResult.class
org/junit/runner/JUnitCommandLineParseResult$CommandLineParserError.class
org/junit/runner/JUnitCore.class
org/junit/runner/manipulation/
org/junit/runner/manipulation/Filter$1.class
org/junit/runner/manipulation/Filter$2.class
org/junit/runner/manipulation/Filter$3.class
org/junit/runner/manipulation/Filterable.class
org/junit/runner/manipulation/Filter.class
org/junit/runner/manipulation/NoTestsRemainException.class
org/junit/runner/manipulation/Sortable.class
org/junit/runner/manipulation/Sorter$1.class
org/junit/runner/manipulation/Sorter.class
org/junit/runner/notification/
org/junit/runner/notification/Failure.class
org/junit/runner/notification/RunListener.class
org/junit/runner/notification/RunListener$ThreadSafe.class
org/junit/runner/notification/RunNotifier$1.class
org/junit/runner/notification/RunNotifier$2.class
org/junit/runner/notification/RunNotifier$3.class
org/junit/runner/notification/RunNotifier$4.class
org/junit/runner/notification/RunNotifier$5.class
org/junit/runner/notification/RunNotifier$6.class
org/junit/runner/notification/RunNotifier$7.class
org/junit/runner/notification/RunNotifier.class
org/junit/runner/notification/RunNotifier$SafeNotifier.class
org/junit/runner/notification/StoppedByUserException.class
org/junit/runner/notification/SynchronizedRunListener.class
org/junit/runner/Request$1.class
org/junit/runner/Request.class
org/junit/runner/Result$1.class
org/junit/runner/Result.class
org/junit/runner/Result$Listener.class
org/junit/runner/Result$SerializedForm.class
org/junit/runner/Runner.class
org/junit/runner/RunWith.class
org/junit/runners/
org/junit/runners/AllTests.class
org/junit/runners/BlockJUnit4ClassRunner$1.class
org/junit/runners/BlockJUnit4ClassRunner.class
org/junit/runners/JUnit4.class
org/junit/runners/MethodSorters.class
org/junit/runners/model/
org/junit/runners/model/Annotatable.class
org/junit/runners/model/FrameworkField.class
org/junit/runners/model/FrameworkMember.class
org/junit/runners/model/FrameworkMethod$1.class
org/junit/runners/model/FrameworkMethod.class
org/junit/runners/model/InitializationError.class
org/junit/runners/model/MultipleFailureException.class
org/junit/runners/model/NoGenericTypeParametersValidator.class
org/junit/runners/model/RunnerBuilder.class
org/junit/runners/model/RunnerScheduler.class
org/junit/runners/model/Statement.class
org/junit/runners/model/TestClass$1.class
org/junit/runners/model/TestClass.class
org/junit/runners/model/TestClass$FieldComparator.class
org/junit/runners/model/TestClass$MethodComparator.class
org/junit/runners/model/TestTimedOutException.class
org/junit/runners/parameterized/
org/junit/runners/parameterized/BlockJUnit4ClassRunnerWithParameters.class
org/junit/runners/parameterized/BlockJUnit4ClassRunnerWithParametersFactory.class
org/junit/runners/Parameterized.class
org/junit/runners/Parameterized$Parameter.class
org/junit/runners/Parameterized$Parameters.class
org/junit/runners/parameterized/ParametersRunnerFactory.class
org/junit/runners/parameterized/TestWithParameters.class
org/junit/runners/Parameterized$UseParametersRunnerFactory.class
org/junit/runners/ParentRunner$1.class
org/junit/runners/ParentRunner$2.class
org/junit/runners/ParentRunner$3.class
org/junit/runners/ParentRunner$4.class
org/junit/runners/ParentRunner.class
org/junit/runners/Suite.class
org/junit/runners/Suite$SuiteClasses.class
org/junit/Test.class
org/junit/Test$None.class
org/junit/validator/
org/junit/validator/AnnotationsValidator$1.class
org/junit/validator/AnnotationsValidator$AnnotatableValidator.class
org/junit/validator/AnnotationsValidator.class
org/junit/validator/AnnotationsValidator$ClassValidator.class
org/junit/validator/AnnotationsValidator$FieldValidator.class
org/junit/validator/AnnotationsValidator$MethodValidator.class
org/junit/validator/AnnotationValidator.class
org/junit/validator/AnnotationValidatorFactory.class
org/junit/validator/PublicClassValidator.class
org/junit/validator/TestClassValidator.class
org/junit/validator/ValidateWith.class
